Archive member included to satisfy reference by file (symbol)

C:/ST/STM32CubeIDE_1.15.1/STM32CubeIDE/plugins/com.st.stm32cube.ide.mcu.externaltools.gnu-tools-for-stm32.12.3.rel1.win32_1.0.100.202403111256/tools/bin/../lib/gcc/arm-none-eabi/12.3.1/../../../../arm-none-eabi/lib/thumb/v8-m.main+fp/hard\libc_nano.a(libc_a-exit.o)
                              C:/ST/STM32CubeIDE_1.15.1/STM32CubeIDE/plugins/com.st.stm32cube.ide.mcu.externaltools.gnu-tools-for-stm32.12.3.rel1.win32_1.0.100.202403111256/tools/bin/../lib/gcc/arm-none-eabi/12.3.1/../../../../arm-none-eabi/lib/thumb/v8-m.main+fp/hard/crt0.o (exit)
C:/ST/STM32CubeIDE_1.15.1/STM32CubeIDE/plugins/com.st.stm32cube.ide.mcu.externaltools.gnu-tools-for-stm32.12.3.rel1.win32_1.0.100.202403111256/tools/bin/../lib/gcc/arm-none-eabi/12.3.1/../../../../arm-none-eabi/lib/thumb/v8-m.main+fp/hard\libc_nano.a(libc_a-findfp.o)
                              C:/ST/STM32CubeIDE_1.15.1/STM32CubeIDE/plugins/com.st.stm32cube.ide.mcu.externaltools.gnu-tools-for-stm32.12.3.rel1.win32_1.0.100.202403111256/tools/bin/../lib/gcc/arm-none-eabi/12.3.1/../../../../arm-none-eabi/lib/thumb/v8-m.main+fp/hard\libc_nano.a(libc_a-exit.o) (__stdio_exit_handler)
C:/ST/STM32CubeIDE_1.15.1/STM32CubeIDE/plugins/com.st.stm32cube.ide.mcu.externaltools.gnu-tools-for-stm32.12.3.rel1.win32_1.0.100.202403111256/tools/bin/../lib/gcc/arm-none-eabi/12.3.1/../../../../arm-none-eabi/lib/thumb/v8-m.main+fp/hard\libc_nano.a(libc_a-fwalk.o)
                              C:/ST/STM32CubeIDE_1.15.1/STM32CubeIDE/plugins/com.st.stm32cube.ide.mcu.externaltools.gnu-tools-for-stm32.12.3.rel1.win32_1.0.100.202403111256/tools/bin/../lib/gcc/arm-none-eabi/12.3.1/../../../../arm-none-eabi/lib/thumb/v8-m.main+fp/hard\libc_nano.a(libc_a-findfp.o) (_fwalk_sglue)
C:/ST/STM32CubeIDE_1.15.1/STM32CubeIDE/plugins/com.st.stm32cube.ide.mcu.externaltools.gnu-tools-for-stm32.12.3.rel1.win32_1.0.100.202403111256/tools/bin/../lib/gcc/arm-none-eabi/12.3.1/../../../../arm-none-eabi/lib/thumb/v8-m.main+fp/hard\libc_nano.a(libc_a-sprintf.o)
                              ./Core/Src/adc_i2c_config.o (sprintf)
C:/ST/STM32CubeIDE_1.15.1/STM32CubeIDE/plugins/com.st.stm32cube.ide.mcu.externaltools.gnu-tools-for-stm32.12.3.rel1.win32_1.0.100.202403111256/tools/bin/../lib/gcc/arm-none-eabi/12.3.1/../../../../arm-none-eabi/lib/thumb/v8-m.main+fp/hard\libc_nano.a(libc_a-stdio.o)
                              C:/ST/STM32CubeIDE_1.15.1/STM32CubeIDE/plugins/com.st.stm32cube.ide.mcu.externaltools.gnu-tools-for-stm32.12.3.rel1.win32_1.0.100.202403111256/tools/bin/../lib/gcc/arm-none-eabi/12.3.1/../../../../arm-none-eabi/lib/thumb/v8-m.main+fp/hard\libc_nano.a(libc_a-findfp.o) (__sread)
C:/ST/STM32CubeIDE_1.15.1/STM32CubeIDE/plugins/com.st.stm32cube.ide.mcu.externaltools.gnu-tools-for-stm32.12.3.rel1.win32_1.0.100.202403111256/tools/bin/../lib/gcc/arm-none-eabi/12.3.1/../../../../arm-none-eabi/lib/thumb/v8-m.main+fp/hard\libc_nano.a(libc_a-vsnprintf.o)
                              ./Core/Src/main.o (vsnprintf)
C:/ST/STM32CubeIDE_1.15.1/STM32CubeIDE/plugins/com.st.stm32cube.ide.mcu.externaltools.gnu-tools-for-stm32.12.3.rel1.win32_1.0.100.202403111256/tools/bin/../lib/gcc/arm-none-eabi/12.3.1/../../../../arm-none-eabi/lib/thumb/v8-m.main+fp/hard\libc_nano.a(libc_a-memset.o)
                              C:/ST/STM32CubeIDE_1.15.1/STM32CubeIDE/plugins/com.st.stm32cube.ide.mcu.externaltools.gnu-tools-for-stm32.12.3.rel1.win32_1.0.100.202403111256/tools/bin/../lib/gcc/arm-none-eabi/12.3.1/../../../../arm-none-eabi/lib/thumb/v8-m.main+fp/hard/crt0.o (memset)
C:/ST/STM32CubeIDE_1.15.1/STM32CubeIDE/plugins/com.st.stm32cube.ide.mcu.externaltools.gnu-tools-for-stm32.12.3.rel1.win32_1.0.100.202403111256/tools/bin/../lib/gcc/arm-none-eabi/12.3.1/../../../../arm-none-eabi/lib/thumb/v8-m.main+fp/hard\libc_nano.a(libc_a-closer.o)
                              C:/ST/STM32CubeIDE_1.15.1/STM32CubeIDE/plugins/com.st.stm32cube.ide.mcu.externaltools.gnu-tools-for-stm32.12.3.rel1.win32_1.0.100.202403111256/tools/bin/../lib/gcc/arm-none-eabi/12.3.1/../../../../arm-none-eabi/lib/thumb/v8-m.main+fp/hard\libc_nano.a(libc_a-stdio.o) (_close_r)
C:/ST/STM32CubeIDE_1.15.1/STM32CubeIDE/plugins/com.st.stm32cube.ide.mcu.externaltools.gnu-tools-for-stm32.12.3.rel1.win32_1.0.100.202403111256/tools/bin/../lib/gcc/arm-none-eabi/12.3.1/../../../../arm-none-eabi/lib/thumb/v8-m.main+fp/hard\libc_nano.a(libc_a-reent.o)
                              C:/ST/STM32CubeIDE_1.15.1/STM32CubeIDE/plugins/com.st.stm32cube.ide.mcu.externaltools.gnu-tools-for-stm32.12.3.rel1.win32_1.0.100.202403111256/tools/bin/../lib/gcc/arm-none-eabi/12.3.1/../../../../arm-none-eabi/lib/thumb/v8-m.main+fp/hard\libc_nano.a(libc_a-closer.o) (errno)
C:/ST/STM32CubeIDE_1.15.1/STM32CubeIDE/plugins/com.st.stm32cube.ide.mcu.externaltools.gnu-tools-for-stm32.12.3.rel1.win32_1.0.100.202403111256/tools/bin/../lib/gcc/arm-none-eabi/12.3.1/../../../../arm-none-eabi/lib/thumb/v8-m.main+fp/hard\libc_nano.a(libc_a-impure.o)
[...]
Memory Configuration

Name             Origin             Length             Attributes
RAM              0x20000000         0x00030000         xrw
RAM2             0x20030000         0x00010000         xrw
FLASH            0x08000000         0x00080000         xr
*default*        0x00000000         0xffffffff

Linker script and memory map

LOAD C:/ST/STM32CubeIDE_1.15.1/STM32CubeIDE/plugins/com.st.stm32cube.ide.mcu.externaltools.gnu-tools-for-stm32.12.3.rel1.win32_1.0.100.202403111256/tools/bin/../lib/gcc/arm-none-eabi/12.3.1/thumb/v8-m.main+fp/hard/crti.o
LOAD C:/ST/STM32CubeIDE_1.15.1/STM32CubeIDE/plugins/com.st.stm32cube.ide.mcu.externaltools.gnu-tools-for-stm32.12.3.rel1.win32_1.0.100.202403111256/tools/bin/../lib/gcc/arm-none-eabi/12.3.1/thumb/v8-m.main+fp/hard/crtbegin.o
LOAD C:/ST/STM32CubeIDE_1.15.1/STM32CubeIDE/plugins/com.st.stm32cube.ide.mcu.externaltools.gnu-tools-for-stm32.12.3.rel1.win32_1.0.100.202403111256/tools/bin/../lib/gcc/arm-none-eabi/12.3.1/../../../../arm-none-eabi/lib/thumb/v8-m.main+fp/hard/crt0.o
LOAD ./Core/Src/adc_i2c_config.o
LOAD ./Core/Src/main.o
LOAD ./Core/Src/stm32l5xx_hal_msp.o
LOAD ./Core/Src/stm32l5xx_it.o
LOAD ./Core/Src/syscalls.o
LOAD ./Core/Src/sysmem.o
LOAD ./Core/Src/system_stm32l5xx.o
LOAD ./Core/Startup/startup_stm32l552zetxq.o
LOAD ./Drivers/BSP/stm32l5xx_nucleo.o
LOAD ./Drivers/STM32L5xx_HAL_Driver/Src/stm32l5xx_hal.o
LOAD ./Drivers/STM32L5xx_HAL_Driver/Src/stm32l5xx_hal_cortex.o
LOAD ./Drivers/STM32L5xx_HAL_Driver/Src/stm32l5xx_hal_dma.o
LOAD ./Drivers/STM32L5xx_HAL_Driver/Src/stm32l5xx_hal_dma_ex.o
LOAD ./Drivers/STM32L5xx_HAL_Driver/Src/stm32l5xx_hal_exti.o
LOAD ./Drivers/STM32L5xx_HAL_Driver/Src/stm32l5xx_hal_flash.o
LOAD ./Drivers/STM32L5xx_HAL_Driver/Src/stm32l5xx_hal_flash_ex.o
LOAD ./Drivers/STM32L5xx_HAL_Driver/Src/stm32l5xx_hal_flash_ramfunc.o
LOAD ./Drivers/STM32L5xx_HAL_Driver/Src/stm32l5xx_hal_gpio.o
LOAD ./Drivers/STM32L5xx_HAL_Driver/Src/stm32l5xx_hal_i2c.o
LOAD ./Drivers/STM32L5xx_HAL_Driver/Src/stm32l5xx_hal_i2c_ex.o
LOAD ./Drivers/STM32L5xx_HAL_Driver/Src/stm32l5xx_hal_icache.o
LOAD ./Drivers/STM32L5xx_HAL_Driver/Src/stm32l5xx_hal_pwr.o
LOAD ./Drivers/STM32L5xx_HAL_Driver/Src/stm32l5xx_hal_pwr_ex.o
LOAD ./Drivers/STM32L5xx_HAL_Driver/Src/stm32l5xx_hal_rcc.o
LOAD ./Drivers/STM32L5xx_HAL_Driver/Src/stm32l5xx_hal_rcc_ex.o
LOAD ./Drivers/STM32L5xx_HAL_Driver/Src/stm32l5xx_hal_sai.o
LOAD ./Drivers/STM32L5xx_HAL_Driver/Src/stm32l5xx_hal_sai_ex.o
LOAD ./Drivers/STM32L5xx_HAL_Driver/Src/stm32l5xx_hal_spi.o
LOAD ./Drivers/STM32L5xx_HAL_Driver/Src/stm32l5xx_hal_spi_ex.o
LOAD ./Drivers/STM32L5xx_HAL_Driver/Src/stm32l5xx_hal_tim.o
LOAD ./Drivers/STM32L5xx_HAL_Driver/Src/stm32l5xx_hal_tim_ex.o
LOAD ./Drivers/STM32L5xx_HAL_Driver/Src/stm32l5xx_hal_uart.o
LOAD ./Drivers/STM32L5xx_HAL_Driver/Src/stm32l5xx_hal_uart_ex.o
LOAD ./FATFS/App/app_fatfs.o
LOAD ./FATFS/Target/user_diskio.o
LOAD ./FATFS/Target/user_diskio_spi.o
LOAD ./Middlewares/Third_Party/FatFs/src/diskio.o
LOAD ./Middlewares/Third_Party/FatFs/src/ff.o
LOAD ./Middlewares/Third_Party/FatFs/src/ff_gen_drv.o
LOAD ./Middlewares/Third_Party/FatFs/src/option/syscall.o
START GROUP
LOAD C:/ST/STM32CubeIDE_1.15.1/STM32CubeIDE/plugins/com.st.stm32cube.ide.mcu.externaltools.gnu-tools-for-stm32.12.3.rel1.win32_1.0.100.202403111256/tools/bin/../lib/gcc/arm-none-eabi/12.3.1/../../../../arm-none-eabi/lib/thumb/v8-m.main+fp/hard\libc_nano.a
LOAD C:/ST/STM32CubeIDE_1.15.1/STM32CubeIDE/plugins/com.st.stm32cube.ide.mcu.externaltools.gnu-tools-for-stm32.12.3.rel1.win32_1.0.100.202403111256/tools/bin/../lib/gcc/arm-none-eabi/12.3.1/../../../../arm-none-eabi/lib/thumb/v8-m.main+fp/hard\libm.a
END GROUP
START GROUP
LOAD C:/ST/STM32CubeIDE_1.15.1/STM32CubeIDE/plugins/com.st.stm32cube.ide.mcu.externaltools.gnu-tools-for-stm32.12.3.rel1.win32_1.0.100.202403111256/tools/bin/../lib/gcc/arm-none-eabi/12.3.1/thumb/v8-m.main+fp/hard\libgcc.a
LOAD C:/ST/STM32CubeIDE_1.15.1/STM32CubeIDE/plugins/com.st.stm32cube.ide.mcu.externaltools.gnu-tools-for-stm32.12.3.rel1.win32_1.0.100.202403111256/tools/bin/../lib/gcc/arm-none-eabi/12.3.1/../../../../arm-none-eabi/lib/thumb/v8-m.main+fp/hard\libc_nano.a
END GROUP
START GROUP
LOAD C:/ST/STM32CubeIDE_1.15.1/STM32CubeIDE/plugins/com.st.stm32cube.ide.mcu.externaltools.gnu-tools-for-stm32.12.3.rel1.win32_1.0.100.202403111256/tools/bin/../lib/gcc/arm-none-eabi/12.3.1/thumb/v8-m.main+fp/hard\libgcc.a
LOAD C:/ST/STM32CubeIDE_1.15.1/STM32CubeIDE/plugins/com.st.stm32cube.ide.mcu.externaltools.gnu-tools-for-stm32.12.3.rel1.win32_1.0.100.202403111256/tools/bin/../lib/gcc/arm-none-eabi/12.3.1/../../../../arm-none-eabi/lib/thumb/v8-m.main+fp/hard\libc_nano.a
LOAD C:/ST/STM32CubeIDE_1.15.1/STM32CubeIDE/plugins/com.st.stm32cube.ide.mcu.externaltools.gnu-tools-for-stm32.12.3.rel1.win32_1.0.100.202403111256/tools/bin/../lib/gcc/arm-none-eabi/12.3.1/../../../../arm-none-eabi/lib/thumb/v8-m.main+fp/hard\libnosys.a
END GROUP
START GROUP
LOAD C:/ST/STM32CubeIDE_1.15.1/STM32CubeIDE/plugins/com.st.stm32cube.ide.mcu.externaltools.gnu-tools-for-stm32.12.3.rel1.win32_1.0.100.202403111256/tools/bin/../lib/gcc/arm-none-eabi/12.3.1/thumb/v8-m.main+fp/hard\libgcc.a
LOAD C:/ST/STM32CubeIDE_1.15.1/STM32CubeIDE/plugins/com.st.stm32cube.ide.mcu.externaltools.gnu-tools-for-stm32.12.3.rel1.win32_1.0.100.202403111256/tools/bin/../lib/gcc/arm-none-eabi/12.3.1/../../../../arm-none-eabi/lib/thumb/v8-m.main+fp/hard\libc_nano.a
LOAD C:/ST/STM32CubeIDE_1.15.1/STM32CubeIDE/plugins/com.st.stm32cube.ide.mcu.externaltools.gnu-tools-for-stm32.12.3.rel1.win32_1.0.100.202403111256/tools/bin/../lib/gcc/arm-none-eabi/12.3.1/../../../../arm-none-eabi/lib/thumb/v8-m.main+fp/hard\libnosys.a
END GROUP
LOAD C:/ST/STM32CubeIDE_1.15.1/STM32CubeIDE/plugins/com.st.stm32cube.ide.mcu.externaltools.gnu-tools-for-stm32.12.3.rel1.win32_1.0.100.202403111256/tools/bin/../lib/gcc/arm-none-eabi/12.3.1/thumb/v8-m.main+fp/hard/crtend.o
LOAD C:/ST/STM32CubeIDE_1.15.1/STM32CubeIDE/plugins/com.st.stm32cube.ide.mcu.externaltools.gnu-tools-for-stm32.12.3.rel1.win32_1.0.100.202403111256/tools/bin/../lib/gcc/arm-none-eabi/12.3.1/thumb/v8-m.main+fp/hard/crtn.o
                0x20030000                        _estack = (ORIGIN (RAM) + LENGTH (RAM))
                0x00000200                        _Min_Heap_Size = 0x200
                0x00000400                        _Min_Stack_Size = 0x400

.isr_vector     0x08000000      0x1f4
                0x08000000                        . = ALIGN (0x4)
 *(.isr_vector)
 .isr_vector    0x08000000      0x1f4 ./Core/Startup/startup_stm32l552zetxq.o
                0x08000000                g_pfnVectors
                0x080001f4                        . = ALIGN (0x4)

.text           0x080001f4     0xb990
                0x080001f4                        . = ALIGN (0x4)
 *(.text)
 .text          0x080001f4       0x40 C:/ST/STM32CubeIDE_1.15.1/STM32CubeIDE/plugins/com.st.stm32cube.ide.mcu.externaltools.gnu-tools-for-stm32.12.3.rel1.win32_1.0.100.202403111256/tools/bin/../lib/gcc/arm-none-eabi/12.3.1/thumb/v8-m.main+fp/hard/crtbegin.o
 .text          0x08000234       0x10 C:/ST/STM32CubeIDE_1.15.1/STM32CubeIDE/plugins/com.st.stm32cube.ide.mcu.externaltools.gnu-tools-for-stm32.12.3.rel1.win32_1.0.100.202403111256/tools/bin/../lib/gcc/arm-none-eabi/12.3.1/../../../../arm-none-eabi/lib/thumb/v8-m.main+fp/hard\libc_nano.a(libc_a-strlen.o)
                0x08000234                strlen
 .text          0x08000244       0x30 C:/ST/STM32CubeIDE_1.15.1/STM32CubeIDE/plugins/com.st.stm32cube.ide.mcu.externaltools.gnu-tools-for-stm32.12.3.rel1.win32_1.0.100.202403111256/tools/bin/../lib/gcc/arm-none-eabi/12.3.1/thumb/v8-m.main+fp/hard\libgcc.a(_aeabi_uldivmod.o)
                0x08000244                __aeabi_uldivmod
 .text          0x08000274      0x2e4 C:/ST/STM32CubeIDE_1.15.1/STM32CubeIDE/plugins/com.st.stm32cube.ide.mcu.externaltools.gnu-tools-for-stm32.12.3.rel1.win32_1.0.100.202403111256/tools/bin/../lib/gcc/arm-none-eabi/12.3.1/thumb/v8-m.main+fp/hard\libgcc.a(_udivmoddi4.o)
                0x08000274                __udivmoddi4
 .text          0x08000558        0x4 C:/ST/STM32CubeIDE_1.15.1/STM32CubeIDE/plugins/com.st.stm32cube.ide.mcu.externaltools.gnu-tools-for-stm32.12.3.rel1.win32_1.0.100.202403111256/tools/bin/../lib/gcc/arm-none-eabi/12.3.1/thumb/v8-m.main+fp/hard\libgcc.a(_dvmd_tls.o)
                0x08000558                __aeabi_idiv0
                0x08000558                __aeabi_ldiv0
 *(.text*)
 .text.config   0x0800055c      0x1ac ./Core/Src/adc_i2c_config.o
                0x0800055c                config
 .text.myprint  0x08000708       0x4c ./Core/Src/main.o
                0x08000708                myprint
 .text.main     0x08000754      0x3e4 ./Core/Src/main.o
                0x08000754                main
 .text.SystemClock_Config
                0x08000b38       0x8c ./Core/Src/main.o
                0x08000b38                SystemClock_Config
 .text.MX_I2C1_Init
                0x08000bc4       0x80 ./Core/Src/main.o
 .text.MX_ICACHE_Init
                0x08000c44       0x26 ./Core/Src/main.o
 *fill*         0x08000c6a        0x2 
 .text.MX_LPUART1_UART_Init
                0x08000c6c       0x98 ./Core/Src/main.o
 .text.MX_SAI1_Init
                0x08000d04       0x68 ./Core/Src/main.o
 .text.MX_SPI3_Init
                0x08000d6c       0x7c ./Core/Src/main.o
 .text.MX_DMA_Init
                0x08000de8       0x54 ./Core/Src/main.o
 .text.MX_GPIO_Init
                0x08000e3c       0xf4 ./Core/Src/main.o
 .text.Error_Handler
                0x08000f30        0xc ./Core/Src/main.o
                0x08000f30                Error_Handler
 .text.HAL_MspInit
                0x08000f3c       0x48 ./Core/Src/stm32l5xx_hal_msp.o
                0x08000f3c                HAL_MspInit
 .text.HAL_I2C_MspInit
                0x08000f84       0xbc ./Core/Src/stm32l5xx_hal_msp.o
                0x08000f84                HAL_I2C_MspInit
 .text.HAL_UART_MspInit
                0x08001040       0xc0 ./Core/Src/stm32l5xx_hal_msp.o
                0x08001040                HAL_UART_MspInit
 .text.HAL_SPI_MspInit
                0x08001100       0x88 ./Core/Src/stm32l5xx_hal_msp.o
                0x08001100                HAL_SPI_MspInit
 .text.HAL_SAI_MspInit
                0x08001188      0x15c ./Core/Src/stm32l5xx_hal_msp.o
                0x08001188                HAL_SAI_MspInit
 .text.NMI_Handler
                0x080012e4        0x8 ./Core/Src/stm32l5xx_it.o
                0x080012e4                NMI_Handler
 .text.HardFault_Handler
                0x080012ec        0x8 ./Core/Src/stm32l5xx_it.o
                0x080012ec                HardFault_Handler
 .text.MemManage_Handler
                0x080012f4        0x8 ./Core/Src/stm32l5xx_it.o
                0x080012f4                MemManage_Handler
 .text.BusFault_Handler
                0x080012fc        0x8 ./Core/Src/stm32l5xx_it.o
                0x080012fc                BusFault_Handler
 .text.UsageFault_Handler
                0x08001304        0x8 ./Core/Src/stm32l5xx_it.o
                0x08001304                UsageFault_Handler
 .text.SVC_Handler
                0x0800130c        0xe ./Core/Src/stm32l5xx_it.o
                0x0800130c                SVC_Handler
 .text.DebugMon_Handler
                0x0800131a        0xe ./Core/Src/stm32l5xx_it.o
                0x0800131a                DebugMon_Handler
 .text.PendSV_Handler
                0x08001328        0xe ./Core/Src/stm32l5xx_it.o
                0x08001328                PendSV_Handler
 .text.SysTick_Handler
                0x08001336        0xc ./Core/Src/stm32l5xx_it.o
                0x08001336                SysTick_Handler
 *fill*         0x08001342        0x2 
 .text.DMA1_Channel1_IRQHandler
                0x08001344       0x14 ./Core/Src/stm32l5xx_it.o
                0x08001344                DMA1_Channel1_IRQHandler
 .text.SAI1_IRQHandler
                0x08001358       0x14 ./Core/Src/stm32l5xx_it.o
                0x08001358                SAI1_IRQHandler
 .text._sbrk    0x0800136c       0x6c ./Core/Src/sysmem.o
                0x0800136c                _sbrk
 .text.SystemInit
                0x080013d8       0x24 ./Core/Src/system_stm32l5xx.o
                0x080013d8                SystemInit
 .text.SystemCoreClockUpdate
                0x080013fc      0x158 ./Core/Src/system_stm32l5xx.o
                0x080013fc                SystemCoreClockUpdate
 .text.Reset_Handler
                0x08001554       0x50 ./Core/Startup/startup_stm32l552zetxq.o
                0x08001554                Reset_Handler
 .text.Default_Handler
                0x080015a4        0x2 ./Core/Startup/startup_stm32l552zetxq.o
                0x080015a4                EXTI2_IRQHandler
                0x080015a4                TIM8_TRG_COM_IRQHandler
                0x080015a4                TIM8_CC_IRQHandler
                0x080015a4                EXTI5_IRQHandler
                0x080015a4                FLASH_S_IRQHandler
                0x080015a4                EXTI13_IRQHandler
                0x080015a4                TIM1_CC_IRQHandler
                0x080015a4                TSC_IRQHandler
                0x080015a4                TAMP_IRQHandler
                0x080015a4                TIM6_IRQHandler
                0x080015a4                EXTI12_IRQHandler
                0x080015a4                DMA2_Channel8_IRQHandler
                0x080015a4                EXTI3_IRQHandler
                0x080015a4                EXTI8_IRQHandler
                0x080015a4                LPTIM2_IRQHandler
                0x080015a4                DFSDM1_FLT1_IRQHandler
                0x080015a4                USB_FS_IRQHandler
                0x080015a4                I2C3_ER_IRQHandler
                0x080015a4                DFSDM1_FLT2_IRQHandler
                0x080015a4                DMAMUX1_IRQHandler
                0x080015a4                LPTIM3_IRQHandler
                0x080015a4                EXTI0_IRQHandler
                0x080015a4                I2C2_EV_IRQHandler
                0x080015a4                FPU_IRQHandler
                0x080015a4                FDCAN1_IT1_IRQHandler
                0x080015a4                ADC1_2_IRQHandler
                0x080015a4                SPI1_IRQHandler
                0x080015a4                OCTOSPI1_IRQHandler
                0x080015a4                TIM8_UP_IRQHandler
                0x080015a4                RCC_S_IRQHandler
                0x080015a4                DMA2_Channel2_IRQHandler
                0x080015a4                DMA1_Channel4_IRQHandler
                0x080015a4                SAI2_IRQHandler
                0x080015a4                DFSDM1_FLT3_IRQHandler
                0x080015a4                EXTI15_IRQHandler
                0x080015a4                TIM17_IRQHandler
                0x080015a4                USART3_IRQHandler
                0x080015a4                RTC_IRQHandler
                0x080015a4                EXTI9_IRQHandler
                0x080015a4                DMA1_Channel7_IRQHandler
                0x080015a4                UART5_IRQHandler
                0x080015a4                TIM4_IRQHandler
                0x080015a4                DMA2_Channel1_IRQHandler
                0x080015a4                I2C1_EV_IRQHandler
                0x080015a4                DMA1_Channel6_IRQHandler
                0x080015a4                TIM16_IRQHandler
                0x080015a4                UART4_IRQHandler
                0x080015a4                DMA2_Channel4_IRQHandler
                0x080015a4                SecureFault_Handler
                0x080015a4                TIM3_IRQHandler
                0x080015a4                RCC_IRQHandler
                0x080015a4                TIM1_TRG_COM_IRQHandler
                0x080015a4                Default_Handler
                0x080015a4                DMA2_Channel7_IRQHandler
                0x080015a4                DMA1_Channel8_IRQHandler
                0x080015a4                TIM7_IRQHandler
                0x080015a4                SDMMC1_IRQHandler
                0x080015a4                TIM5_IRQHandler
                0x080015a4                UCPD1_IRQHandler
                0x080015a4                TIM15_IRQHandler
                0x080015a4                I2C3_EV_IRQHandler
                0x080015a4                PVD_PVM_IRQHandler
                0x080015a4                SPI2_IRQHandler
                0x080015a4                EXTI14_IRQHandler
                0x080015a4                EXTI11_IRQHandler
                0x080015a4                DMA2_Channel5_IRQHandler
                0x080015a4                CRS_IRQHandler
                0x080015a4                DMA1_Channel5_IRQHandler
                0x080015a4                EXTI4_IRQHandler
                0x080015a4                RTC_S_IRQHandler
                0x080015a4                RNG_IRQHandler
                0x080015a4                DMAMUX1_S_IRQHandler
                0x080015a4                DMA1_Channel3_IRQHandler
                0x080015a4                COMP_IRQHandler
                0x080015a4                TIM1_UP_IRQHandler
                0x080015a4                WWDG_IRQHandler
                0x080015a4                I2C4_EV_IRQHandler
                0x080015a4                LPUART1_IRQHandler
                0x080015a4                DMA2_Channel6_IRQHandler
                0x080015a4                FDCAN1_IT0_IRQHandler
                0x080015a4                TIM2_IRQHandler
                0x080015a4                TAMP_S_IRQHandler
                0x080015a4                EXTI7_IRQHandler
                0x080015a4                TIM1_BRK_IRQHandler
                0x080015a4                DAC_IRQHandler
                0x080015a4                EXTI1_IRQHandler
                0x080015a4                GTZC_IRQHandler
                0x080015a4                USART2_IRQHandler
                0x080015a4                DFSDM1_FLT0_IRQHandler
                0x080015a4                I2C2_ER_IRQHandler
                0x080015a4                DMA1_Channel2_IRQHandler
                0x080015a4                TIM8_BRK_IRQHandler
                0x080015a4                FLASH_IRQHandler
                0x080015a4                USART1_IRQHandler
                0x080015a4                EXTI10_IRQHandler
                0x080015a4                SPI3_IRQHandler
                0x080015a4                I2C1_ER_IRQHandler
                0x080015a4                FMC_IRQHandler
                0x080015a4                EXTI6_IRQHandler
                0x080015a4                LPTIM1_IRQHandler
                0x080015a4                I2C4_ER_IRQHandler
                0x080015a4                ICACHE_IRQHandler
                0x080015a4                HASH_IRQHandler
                0x080015a4                DMA2_Channel3_IRQHandler
 .text.HAL_Init
                0x080015a6       0x34 ./Drivers/STM32L5xx_HAL_Driver/Src/stm32l5xx_hal.o
                0x080015a6                HAL_Init
 *fill*         0x080015da        0x2 
 .text.HAL_InitTick
                0x080015dc       0x78 ./Drivers/STM32L5xx_HAL_Driver/Src/stm32l5xx_hal.o
                0x080015dc                HAL_InitTick
 .text.HAL_IncTick
                0x08001654       0x28 ./Drivers/STM32L5xx_HAL_Driver/Src/stm32l5xx_hal.o
                0x08001654                HAL_IncTick
 .text.HAL_GetTick
                0x0800167c       0x18 ./Drivers/STM32L5xx_HAL_Driver/Src/stm32l5xx_hal.o
                0x0800167c                HAL_GetTick
 .text.HAL_Delay
                0x08001694       0x48 ./Drivers/STM32L5xx_HAL_Driver/Src/stm32l5xx_hal.o
                0x08001694                HAL_Delay
 .text.__NVIC_SetPriorityGrouping
                0x080016dc       0x48 ./Drivers/STM32L5xx_HAL_Driver/Src/stm32l5xx_hal_cortex.o
 .text.__NVIC_GetPriorityGrouping
                0x08001724       0x1c ./Drivers/STM32L5xx_HAL_Driver/Src/stm32l5xx_hal_cortex.o
 .text.__NVIC_EnableIRQ
                0x08001740       0x3c ./Drivers/STM32L5xx_HAL_Driver/Src/stm32l5xx_hal_cortex.o
 .text.__NVIC_SetPriority
                0x0800177c       0x54 ./Drivers/STM32L5xx_HAL_Driver/Src/stm32l5xx_hal_cortex.o
 .text.NVIC_EncodePriority
                0x080017d0       0x66 ./Drivers/STM32L5xx_HAL_Driver/Src/stm32l5xx_hal_cortex.o
 *fill*         0x08001836        0x2 
 .text.SysTick_Config
                0x08001838       0x44 ./Drivers/STM32L5xx_HAL_Driver/Src/stm32l5xx_hal_cortex.o
 .text.HAL_NVIC_SetPriorityGrouping
                0x0800187c       0x16 ./Drivers/STM32L5xx_HAL_Driver/Src/stm32l5xx_hal_cortex.o
                0x0800187c                HAL_NVIC_SetPriorityGrouping
 .text.HAL_NVIC_SetPriority
                0x08001892       0x34 ./Drivers/STM32L5xx_HAL_Driver/Src/stm32l5xx_hal_cortex.o
                0x08001892                HAL_NVIC_SetPriority
 .text.HAL_NVIC_EnableIRQ
                0x080018c6       0x1c ./Drivers/STM32L5xx_HAL_Driver/Src/stm32l5xx_hal_cortex.o
                0x080018c6                HAL_NVIC_EnableIRQ
 .text.HAL_SYSTICK_Config
                0x080018e2       0x18 ./Drivers/STM32L5xx_HAL_Driver/Src/stm32l5xx_hal_cortex.o
                0x080018e2                HAL_SYSTICK_Config
 *fill*         0x080018fa        0x2 
 .text.HAL_DMA_Init
                0x080018fc      0x150 ./Drivers/STM32L5xx_HAL_Driver/Src/stm32l5xx_hal_dma.o
                0x080018fc                HAL_DMA_Init
 .text.HAL_DMA_Abort
                0x08001a4c       0xb8 ./Drivers/STM32L5xx_HAL_Driver/Src/stm32l5xx_hal_dma.o
                0x08001a4c                HAL_DMA_Abort
 .text.HAL_DMA_Abort_IT
                0x08001b04       0xbe ./Drivers/STM32L5xx_HAL_Driver/Src/stm32l5xx_hal_dma.o
                0x08001b04                HAL_DMA_Abort_IT
 .text.HAL_DMA_IRQHandler
                0x08001bc2      0x200 ./Drivers/STM32L5xx_HAL_Driver/Src/stm32l5xx_hal_dma.o
                0x08001bc2                HAL_DMA_IRQHandler
 .text.HAL_DMA_ConfigChannelAttributes
                0x08001dc2       0x60 ./Drivers/STM32L5xx_HAL_Driver/Src/stm32l5xx_hal_dma.o
                0x08001dc2                HAL_DMA_ConfigChannelAttributes
 *fill*         0x08001e22        0x2 
 .text.DMA_CalcDMAMUXChannelBaseAndMask
                0x08001e24       0x7c ./Drivers/STM32L5xx_HAL_Driver/Src/stm32l5xx_hal_dma.o
 .text.DMA_CalcDMAMUXRequestGenBaseAndMask
                0x08001ea0       0x48 ./Drivers/STM32L5xx_HAL_Driver/Src/stm32l5xx_hal_dma.o
 .text.HAL_GPIO_Init
                0x08001ee8      0x300 ./Drivers/STM32L5xx_HAL_Driver/Src/stm32l5xx_hal_gpio.o
                0x08001ee8                HAL_GPIO_Init
 .text.HAL_GPIO_WritePin
                0x080021e8       0x30 ./Drivers/STM32L5xx_HAL_Driver/Src/stm32l5xx_hal_gpio.o
                0x080021e8                HAL_GPIO_WritePin
 .text.HAL_I2C_Init
                0x08002218      0x136 ./Drivers/STM32L5xx_HAL_Driver/Src/stm32l5xx_hal_i2c.o
                0x08002218                HAL_I2C_Init
 *fill*         0x0800234e        0x2 
 .text.HAL_I2C_Mem_Write
                0x08002350      0x228 ./Drivers/STM32L5xx_HAL_Driver/Src/stm32l5xx_hal_i2c.o
                0x08002350                HAL_I2C_Mem_Write
 .text.HAL_I2C_Mem_Read
                0x08002578      0x234 ./Drivers/STM32L5xx_HAL_Driver/Src/stm32l5xx_hal_i2c.o
                0x08002578                HAL_I2C_Mem_Read
 .text.I2C_RequestMemoryWrite
                0x080027ac       0xa8 ./Drivers/STM32L5xx_HAL_Driver/Src/stm32l5xx_hal_i2c.o
 .text.I2C_RequestMemoryRead
                0x08002854       0xa8 ./Drivers/STM32L5xx_HAL_Driver/Src/stm32l5xx_hal_i2c.o
 .text.I2C_Flush_TXDR
                0x080028fc       0x48 ./Drivers/STM32L5xx_HAL_Driver/Src/stm32l5xx_hal_i2c.o
 .text.I2C_WaitOnFlagUntilTimeout
                0x08002944       0xb2 ./Drivers/STM32L5xx_HAL_Driver/Src/stm32l5xx_hal_i2c.o
 .text.I2C_WaitOnTXISFlagUntilTimeout
                0x080029f6       0x8e ./Drivers/STM32L5xx_HAL_Driver/Src/stm32l5xx_hal_i2c.o
 .text.I2C_WaitOnSTOPFlagUntilTimeout
                0x08002a84       0x86 ./Drivers/STM32L5xx_HAL_Driver/Src/stm32l5xx_hal_i2c.o
 *fill*         0x08002b0a        0x2 
 .text.I2C_IsErrorOccurred
                0x08002b0c      0x1c0 ./Drivers/STM32L5xx_HAL_Driver/Src/stm32l5xx_hal_i2c.o
 .text.I2C_TransferConfig
                0x08002ccc       0x64 ./Drivers/STM32L5xx_HAL_Driver/Src/stm32l5xx_hal_i2c.o
 .text.HAL_I2CEx_ConfigAnalogFilter
                0x08002d30       0x96 ./Drivers/STM32L5xx_HAL_Driver/Src/stm32l5xx_hal_i2c_ex.o
                0x08002d30                HAL_I2CEx_ConfigAnalogFilter
 .text.HAL_I2CEx_ConfigDigitalFilter
                0x08002dc6       0x98 ./Drivers/STM32L5xx_HAL_Driver/Src/stm32l5xx_hal_i2c_ex.o
                0x08002dc6                HAL_I2CEx_ConfigDigitalFilter
 *fill*         0x08002e5e        0x2 
 .text.HAL_ICACHE_ConfigAssociativityMode
                0x08002e60       0x40 ./Drivers/STM32L5xx_HAL_Driver/Src/stm32l5xx_hal_icache.o
                0x08002e60                HAL_ICACHE_ConfigAssociativityMode
 .text.HAL_ICACHE_Enable
                0x08002ea0       0x20 ./Drivers/STM32L5xx_HAL_Driver/Src/stm32l5xx_hal_icache.o
                0x08002ea0                HAL_ICACHE_Enable
 .text.HAL_PWREx_GetVoltageRange
                0x08002ec0       0x1c ./Drivers/STM32L5xx_HAL_Driver/Src/stm32l5xx_hal_pwr_ex.o
                0x08002ec0                HAL_PWREx_GetVoltageRange
 .text.HAL_PWREx_ControlVoltageScaling
                0x08002edc       0xb8 ./Drivers/STM32L5xx_HAL_Driver/Src/stm32l5xx_hal_pwr_ex.o
                0x08002edc                HAL_PWREx_ControlVoltageScaling
 .text.HAL_PWREx_EnableVddIO2
                0x08002f94       0x20 ./Drivers/STM32L5xx_HAL_Driver/Src/stm32l5xx_hal_pwr_ex.o
                0x08002f94                HAL_PWREx_EnableVddIO2
 .text.HAL_PWREx_DisableUCPDDeadBattery
                0x08002fb4       0x20 ./Drivers/STM32L5xx_HAL_Driver/Src/stm32l5xx_hal_pwr_ex.o
                0x08002fb4                HAL_PWREx_DisableUCPDDeadBattery
 .text.HAL_PWREx_SMPS_GetEffectiveMode
                0x08002fd4       0x48 ./Drivers/STM32L5xx_HAL_Driver/Src/stm32l5xx_hal_pwr_ex.o
                0x08002fd4                HAL_PWREx_SMPS_GetEffectiveMode
 .text.HAL_RCC_OscConfig
                0x0800301c      0x9ac ./Drivers/STM32L5xx_HAL_Driver/Src/stm32l5xx_hal_rcc.o
                0x0800301c                HAL_RCC_OscConfig
 .text.HAL_RCC_ClockConfig
                0x080039c8      0x270 ./Drivers/STM32L5xx_HAL_Driver/Src/stm32l5xx_hal_rcc.o
                0x080039c8                HAL_RCC_ClockConfig
 .text.HAL_RCC_GetSysClockFreq
                0x08003c38      0x138 ./Drivers/STM32L5xx_HAL_Driver/Src/stm32l5xx_hal_rcc.o
                0x08003c38                HAL_RCC_GetSysClockFreq
 .text.HAL_RCC_GetHCLKFreq
                0x08003d70       0x28 ./Drivers/STM32L5xx_HAL_Driver/Src/stm32l5xx_hal_rcc.o
                0x08003d70                HAL_RCC_GetHCLKFreq
 .text.HAL_RCC_GetPCLK1Freq
                0x08003d98       0x28 ./Drivers/STM32L5xx_HAL_Driver/Src/stm32l5xx_hal_rcc.o
                0x08003d98                HAL_RCC_GetPCLK1Freq
 .text.HAL_RCC_GetPCLK2Freq
                0x08003dc0       0x28 ./Drivers/STM32L5xx_HAL_Driver/Src/stm32l5xx_hal_rcc.o
                0x08003dc0                HAL_RCC_GetPCLK2Freq
 .text.RCC_SetFlashLatencyFromMSIRange
                0x08003de8       0xc8 ./Drivers/STM32L5xx_HAL_Driver/Src/stm32l5xx_hal_rcc.o
 .text.RCC_GetSysClockFreqFromPLLSource
                0x08003eb0       0xd8 ./Drivers/STM32L5xx_HAL_Driver/Src/stm32l5xx_hal_rcc.o
 .text.HAL_RCCEx_PeriphCLKConfig
                0x08003f88      0x708 ./Drivers/STM32L5xx_HAL_Driver/Src/stm32l5xx_hal_rcc_ex.o
                0x08003f88                HAL_RCCEx_PeriphCLKConfig
 .text.HAL_RCCEx_GetPeriphCLKFreq
                0x08004690      0xf3c ./Drivers/STM32L5xx_HAL_Driver/Src/stm32l5xx_hal_rcc_ex.o
                0x08004690                HAL_RCCEx_GetPeriphCLKFreq
 .text.RCCEx_PLLSAI1_Config
                0x080055cc      0x1cc ./Drivers/STM32L5xx_HAL_Driver/Src/stm32l5xx_hal_rcc_ex.o
 .text.RCCEx_PLLSAI2_Config
                0x08005798      0x158 ./Drivers/STM32L5xx_HAL_Driver/Src/stm32l5xx_hal_rcc_ex.o
 .text.RCCEx_PLLSAI1_GetVCOFreq
                0x080058f0       0xb0 ./Drivers/STM32L5xx_HAL_Driver/Src/stm32l5xx_hal_rcc_ex.o
 .text.RCCEx_PLLSAI2_GetVCOFreq
                0x080059a0       0xb0 ./Drivers/STM32L5xx_HAL_Driver/Src/stm32l5xx_hal_rcc_ex.o
 .text.RCCEx_GetSAIxPeriphCLKFreq
                0x08005a50      0x200 ./Drivers/STM32L5xx_HAL_Driver/Src/stm32l5xx_hal_rcc_ex.o
 .text.HAL_SAI_InitProtocol
                0x08005c50       0x62 ./Drivers/STM32L5xx_HAL_Driver/Src/stm32l5xx_hal_sai.o
                0x08005c50                HAL_SAI_InitProtocol
 *fill*         0x08005cb2        0x2 
 .text.HAL_SAI_Init
                0x08005cb4      0x3e0 ./Drivers/STM32L5xx_HAL_Driver/Src/stm32l5xx_hal_sai.o
                0x08005cb4                HAL_SAI_Init
 .text.HAL_SAI_DMAStop
                0x08006094       0xb0 ./Drivers/STM32L5xx_HAL_Driver/Src/stm32l5xx_hal_sai.o
                0x08006094                HAL_SAI_DMAStop
 .text.HAL_SAI_Abort
                0x08006144       0xd2 ./Drivers/STM32L5xx_HAL_Driver/Src/stm32l5xx_hal_sai.o
                0x08006144                HAL_SAI_Abort
 *fill*         0x08006216        0x2 
 .text.HAL_SAI_IRQHandler
                0x08006218      0x370 ./Drivers/STM32L5xx_HAL_Driver/Src/stm32l5xx_hal_sai.o
                0x08006218                HAL_SAI_IRQHandler
 .text.HAL_SAI_ErrorCallback
                0x08006588       0x14 ./Drivers/STM32L5xx_HAL_Driver/Src/stm32l5xx_hal_sai.o
                0x08006588                HAL_SAI_ErrorCallback
 .text.SAI_InitI2S
                0x0800659c      0x164 ./Drivers/STM32L5xx_HAL_Driver/Src/stm32l5xx_hal_sai.o
 .text.SAI_InitPCM
                0x08006700      0x104 ./Drivers/STM32L5xx_HAL_Driver/Src/stm32l5xx_hal_sai.o
 .text.SAI_Disable
                0x08006804       0x74 ./Drivers/STM32L5xx_HAL_Driver/Src/stm32l5xx_hal_sai.o
 .text.SAI_DMAAbort
                0x08006878       0x6e ./Drivers/STM32L5xx_HAL_Driver/Src/stm32l5xx_hal_sai.o
 .text.HAL_SPI_Init
                0x080068e6      0x146 ./Drivers/STM32L5xx_HAL_Driver/Src/stm32l5xx_hal_spi.o
                0x080068e6                HAL_SPI_Init
 .text.HAL_SPI_Transmit
                0x08006a2c      0x2ea ./Drivers/STM32L5xx_HAL_Driver/Src/stm32l5xx_hal_spi.o
                0x08006a2c                HAL_SPI_Transmit
 .text.HAL_SPI_TransmitReceive
                0x08006d16      0x444 ./Drivers/STM32L5xx_HAL_Driver/Src/stm32l5xx_hal_spi.o
                0x08006d16                HAL_SPI_TransmitReceive
 *fill*         0x0800715a        0x2 
 .text.SPI_WaitFlagStateUntilTimeout
                0x0800715c      0x110 ./Drivers/STM32L5xx_HAL_Driver/Src/stm32l5xx_hal_spi.o
 .text.SPI_WaitFifoStateUntilTimeout
                0x0800726c      0x12c ./Drivers/STM32L5xx_HAL_Driver/Src/stm32l5xx_hal_spi.o
 .text.SPI_EndRxTxTransaction
                0x08007398       0x8c ./Drivers/STM32L5xx_HAL_Driver/Src/stm32l5xx_hal_spi.o
 .text.HAL_UART_Init
                0x08007424       0xa0 ./Drivers/STM32L5xx_HAL_Driver/Src/stm32l5xx_hal_uart.o
                0x08007424                HAL_UART_Init
 .text.HAL_UART_Transmit
                0x080074c4      0x11c ./Drivers/STM32L5xx_HAL_Driver/Src/stm32l5xx_hal_uart.o
                0x080074c4                HAL_UART_Transmit
 .text.UART_SetConfig
                0x080075e0      0x600 ./Drivers/STM32L5xx_HAL_Driver/Src/stm32l5xx_hal_uart.o
                0x080075e0                UART_SetConfig
 .text.UART_AdvFeatureConfig
                0x08007be0      0x144 ./Drivers/STM32L5xx_HAL_Driver/Src/stm32l5xx_hal_uart.o
                0x08007be0                UART_AdvFeatureConfig
 .text.UART_CheckIdleState
                0x08007d24      0x154 ./Drivers/STM32L5xx_HAL_Driver/Src/stm32l5xx_hal_uart.o
                0x08007d24                UART_CheckIdleState
 .text.UART_WaitOnFlagUntilTimeout
                0x08007e78       0xda ./Drivers/STM32L5xx_HAL_Driver/Src/stm32l5xx_hal_uart.o
                0x08007e78                UART_WaitOnFlagUntilTimeout
 .text.UART_EndRxTransfer
                0x08007f52       0xcc ./Drivers/STM32L5xx_HAL_Driver/Src/stm32l5xx_hal_uart.o
 .text.HAL_UARTEx_DisableFifoMode
                0x0800801e       0x72 ./Drivers/STM32L5xx_HAL_Driver/Src/stm32l5xx_hal_uart_ex.o
                0x0800801e                HAL_UARTEx_DisableFifoMode
 .text.HAL_UARTEx_SetTxFifoThreshold
                0x08008090       0x7c ./Drivers/STM32L5xx_HAL_Driver/Src/stm32l5xx_hal_uart_ex.o
                0x08008090                HAL_UARTEx_SetTxFifoThreshold
 .text.HAL_UARTEx_SetRxFifoThreshold
                0x0800810c       0x7c ./Drivers/STM32L5xx_HAL_Driver/Src/stm32l5xx_hal_uart_ex.o
                0x0800810c                HAL_UARTEx_SetRxFifoThreshold
 .text.UARTEx_SetNbDataToProcess
                0x08008188       0x9c ./Drivers/STM32L5xx_HAL_Driver/Src/stm32l5xx_hal_uart_ex.o
 .text.MX_FATFS_Init
                0x08008224       0x30 ./FATFS/App/app_fatfs.o
                0x08008224                MX_FATFS_Init
 .text.get_fattime
                0x08008254       0x10 ./FATFS/App/app_fatfs.o
                0x08008254                get_fattime
 .text.USER_initialize
                0x08008264       0x1c ./FATFS/Target/user_diskio.o
                0x08008264                USER_initialize
 .text.USER_status
                0x08008280       0x1c ./FATFS/Target/user_diskio.o
                0x08008280                USER_status
 .text.USER_read
                0x0800829c       0x26 ./FATFS/Target/user_diskio.o
                0x0800829c                USER_read
 .text.USER_write
                0x080082c2       0x26 ./FATFS/Target/user_diskio.o
                0x080082c2                USER_write
 .text.USER_ioctl
                0x080082e8       0x26 ./FATFS/Target/user_diskio.o
                0x080082e8                USER_ioctl
 *fill*         0x0800830e        0x2 
 .text.SPI_Timer_On
                0x08008310       0x28 ./FATFS/Target/user_diskio_spi.o
                0x08008310                SPI_Timer_On
 .text.SPI_Timer_Status
                0x08008338       0x2c ./FATFS/Target/user_diskio_spi.o
                0x08008338                SPI_Timer_Status
 .text.xchg_spi
                0x08008364       0x2c ./FATFS/Target/user_diskio_spi.o
 .text.rcvr_spi_multi
                0x08008390       0x38 ./FATFS/Target/user_diskio_spi.o
 .text.xmit_spi_multi
                0x080083c8       0x28 ./FATFS/Target/user_diskio_spi.o
 .text.wait_ready
                0x080083f0       0x46 ./FATFS/Target/user_diskio_spi.o
 *fill*         0x08008436        0x2 
 .text.despiselect
                0x08008438       0x1c ./FATFS/Target/user_diskio_spi.o
 .text.spiselect
                0x08008454       0x34 ./FATFS/Target/user_diskio_spi.o
 .text.rcvr_datablock
                0x08008488       0x52 ./FATFS/Target/user_diskio_spi.o
 .text.xmit_datablock
                0x080084da       0x64 ./FATFS/Target/user_diskio_spi.o
 .text.send_cmd
                0x0800853e       0xde ./FATFS/Target/user_diskio_spi.o
 .text.USER_SPI_initialize
                0x0800861c      0x1d8 ./FATFS/Target/user_diskio_spi.o
                0x0800861c                USER_SPI_initialize
 .text.USER_SPI_status
                0x080087f4       0x2c ./FATFS/Target/user_diskio_spi.o
                0x080087f4                USER_SPI_status
 .text.USER_SPI_read
                0x08008820       0xcc ./FATFS/Target/user_diskio_spi.o
                0x08008820                USER_SPI_read
 .text.USER_SPI_write
                0x080088ec       0xf8 ./FATFS/Target/user_diskio_spi.o
                0x080088ec                USER_SPI_write
 .text.USER_SPI_ioctl
                0x080089e4      0x2e0 ./FATFS/Target/user_diskio_spi.o
                0x080089e4                USER_SPI_ioctl
 .text.disk_status
                0x08008cc4       0x34 ./Middlewares/Third_Party/FatFs/src/diskio.o
                0x08008cc4                disk_status
 .text.disk_initialize
                0x08008cf8       0x4c ./Middlewares/Third_Party/FatFs/src/diskio.o
                0x08008cf8                disk_initialize
 .text.disk_read
                0x08008d44       0x40 ./Middlewares/Third_Party/FatFs/src/diskio.o
                0x08008d44                disk_read
 .text.disk_write
                0x08008d84       0x40 ./Middlewares/Third_Party/FatFs/src/diskio.o
                0x08008d84                disk_write
 .text.disk_ioctl
                0x08008dc4       0x3c ./Middlewares/Third_Party/FatFs/src/diskio.o
                0x08008dc4                disk_ioctl
 .text.ld_word  0x08008e00       0x30 ./Middlewares/Third_Party/FatFs/src/ff.o
 .text.ld_dword
                0x08008e30       0x46 ./Middlewares/Third_Party/FatFs/src/ff.o
 .text.st_word  0x08008e76       0x36 ./Middlewares/Third_Party/FatFs/src/ff.o
 .text.st_dword
                0x08008eac       0x58 ./Middlewares/Third_Party/FatFs/src/ff.o
 .text.mem_cpy  0x08008f04       0x42 ./Middlewares/Third_Party/FatFs/src/ff.o
 .text.mem_set  0x08008f46       0x36 ./Middlewares/Third_Party/FatFs/src/ff.o
 .text.mem_cmp  0x08008f7c       0x4e ./Middlewares/Third_Party/FatFs/src/ff.o
 .text.chk_chr  0x08008fca       0x36 ./Middlewares/Third_Party/FatFs/src/ff.o
 .text.chk_lock
                0x08009000       0xb8 ./Middlewares/Third_Party/FatFs/src/ff.o
 .text.enq_lock
                0x080090b8       0x44 ./Middlewares/Third_Party/FatFs/src/ff.o
 .text.inc_lock
                0x080090fc      0x11c ./Middlewares/Third_Party/FatFs/src/ff.o
 .text.dec_lock
                0x08009218       0x78 ./Middlewares/Third_Party/FatFs/src/ff.o
 .text.clear_lock
                0x08009290       0x48 ./Middlewares/Third_Party/FatFs/src/ff.o
 .text.sync_window
                0x080092d8       0x88 ./Middlewares/Third_Party/FatFs/src/ff.o
 .text.move_window
                0x08009360       0x5a ./Middlewares/Third_Party/FatFs/src/ff.o
 *fill*         0x080093ba        0x2 
 .text.sync_fs  0x080093bc       0xdc ./Middlewares/Third_Party/FatFs/src/ff.o
 .text.clust2sect
                0x08009498       0x3e ./Middlewares/Third_Party/FatFs/src/ff.o
 .text.get_fat  0x080094d6      0x14e ./Middlewares/Third_Party/FatFs/src/ff.o
 .text.put_fat  0x08009624      0x1d4 ./Middlewares/Third_Party/FatFs/src/ff.o
 .text.remove_chain
                0x080097f8       0xca ./Middlewares/Third_Party/FatFs/src/ff.o
 .text.create_chain
                0x080098c2      0x130 ./Middlewares/Third_Party/FatFs/src/ff.o
 .text.clmt_clust
                0x080099f2       0x68 ./Middlewares/Third_Party/FatFs/src/ff.o
 .text.dir_sdi  0x08009a5a       0xf6 ./Middlewares/Third_Party/FatFs/src/ff.o
 .text.dir_next
                0x08009b50      0x18a ./Middlewares/Third_Party/FatFs/src/ff.o
 .text.dir_alloc
                0x08009cda       0x8e ./Middlewares/Third_Party/FatFs/src/ff.o
 .text.ld_clust
                0x08009d68       0x3e ./Middlewares/Third_Party/FatFs/src/ff.o
 .text.st_clust
                0x08009da6       0x40 ./Middlewares/Third_Party/FatFs/src/ff.o
 .text.dir_find
                0x08009de6       0xaa ./Middlewares/Third_Party/FatFs/src/ff.o
 .text.dir_register
                0x08009e90       0x64 ./Middlewares/Third_Party/FatFs/src/ff.o
 .text.create_name
                0x08009ef4      0x128 ./Middlewares/Third_Party/FatFs/src/ff.o
 .text.follow_path
                0x0800a01c       0xe2 ./Middlewares/Third_Party/FatFs/src/ff.o
 .text.get_ldnumber
                0x0800a0fe       0x88 ./Middlewares/Third_Party/FatFs/src/ff.o
 *fill*         0x0800a186        0x2 
 .text.check_fs
                0x0800a188       0xac ./Middlewares/Third_Party/FatFs/src/ff.o
 .text.find_volume
                0x0800a234      0x498 ./Middlewares/Third_Party/FatFs/src/ff.o
 .text.validate
                0x0800a6cc       0x6a ./Middlewares/Third_Party/FatFs/src/ff.o
 *fill*         0x0800a736        0x2 
 .text.f_mount  0x0800a738       0x8c ./Middlewares/Third_Party/FatFs/src/ff.o
                0x0800a738                f_mount
 .text.f_open   0x0800a7c4      0x374 ./Middlewares/Third_Party/FatFs/src/ff.o
                0x0800a7c4                f_open
 .text.f_write  0x0800ab38      0x2ea ./Middlewares/Third_Party/FatFs/src/ff.o
                0x0800ab38                f_write
 .text.f_sync   0x0800ae22       0xfc ./Middlewares/Third_Party/FatFs/src/ff.o
                0x0800ae22                f_sync
 .text.f_close  0x0800af1e       0x54 ./Middlewares/Third_Party/FatFs/src/ff.o
                0x0800af1e                f_close
 .text.f_getfree
                0x0800af72      0x16a ./Middlewares/Third_Party/FatFs/src/ff.o
                0x0800af72                f_getfree
 .text.FATFS_LinkDriverEx
                0x0800b0dc       0x98 ./Middlewares/Third_Party/FatFs/src/ff_gen_drv.o
                0x0800b0dc                FATFS_LinkDriverEx
 .text.FATFS_LinkDriver
                0x0800b174       0x1e ./Middlewares/Third_Party/FatFs/src/ff_gen_drv.o
                0x0800b174                FATFS_LinkDriver
 *fill*         0x0800b192        0x2 
 .text.sprintf  0x0800b194       0x40 C:/ST/STM32CubeIDE_1.15.1/STM32CubeIDE/plugins/com.st.stm32cube.ide.mcu.externaltools.gnu-tools-for-stm32.12.3.rel1.win32_1.0.100.202403111256/tools/bin/../lib/gcc/arm-none-eabi/12.3.1/../../../../arm-none-eabi/lib/thumb/v8-m.main+fp/hard\libc_nano.a(libc_a-sprintf.o)
                0x0800b194                siprintf
                0x0800b194                sprintf
 .text._vsnprintf_r
                0x0800b1d4       0x56 C:/ST/STM32CubeIDE_1.15.1/STM32CubeIDE/plugins/com.st.stm32cube.ide.mcu.externaltools.gnu-tools-for-stm32.12.3.rel1.win32_1.0.100.202403111256/tools/bin/../lib/gcc/arm-none-eabi/12.3.1/../../../../arm-none-eabi/lib/thumb/v8-m.main+fp/hard\libc_nano.a(libc_a-vsnprintf.o)
                0x0800b1d4                _vsniprintf_r
                0x0800b1d4                _vsnprintf_r
 *fill*         0x0800b22a        0x2 
 .text.vsnprintf
                0x0800b22c       0x1c C:/ST/STM32CubeIDE_1.15.1/STM32CubeIDE/plugins/com.st.stm32cube.ide.mcu.externaltools.gnu-tools-for-stm32.12.3.rel1.win32_1.0.100.202403111256/tools/bin/../lib/gcc/arm-none-eabi/12.3.1/../../../../arm-none-eabi/lib/thumb/v8-m.main+fp/hard\libc_nano.a(libc_a-vsnprintf.o)
                0x0800b22c                vsniprintf
                0x0800b22c                vsnprintf
 .text.memset   0x0800b248       0x10 C:/ST/STM32CubeIDE_1.15.1/STM32CubeIDE/plugins/com.st.stm32cube.ide.mcu.externaltools.gnu-tools-for-stm32.12.3.rel1.win32_1.0.100.202403111256/tools/bin/../lib/gcc/arm-none-eabi/12.3.1/../../../../arm-none-eabi/lib/thumb/v8-m.main+fp/hard\libc_nano.a(libc_a-memset.o)
                0x0800b248                memset
 .text.__errno  0x0800b258        0xc C:/ST/STM32CubeIDE_1.15.1/STM32CubeIDE/plugins/com.st.stm32cube.ide.mcu.externaltools.gnu-tools-for-stm32.12.3.rel1.win32_1.0.100.202403111256/tools/bin/../lib/gcc/arm-none-eabi/12.3.1/../../../../arm-none-eabi/lib/thumb/v8-m.main+fp/hard\libc_nano.a(libc_a-errno.o)
                0x0800b258                __errno
 .text.__libc_init_array
                0x0800b264       0x48 C:/ST/STM32CubeIDE_1.15.1/STM32CubeIDE/plugins/com.st.stm32cube.ide.mcu.externaltools.gnu-tools-for-stm32.12.3.rel1.win32_1.0.100.202403111256/tools/bin/../lib/gcc/arm-none-eabi/12.3.1/../../../../arm-none-eabi/lib/thumb/v8-m.main+fp/hard\libc_nano.a(libc_a-init.o)
                0x0800b264                __libc_init_array
 .text.__retarget_lock_acquire_recursive
                0x0800b2ac        0x2 C:/ST/STM32CubeIDE_1.15.1/STM32CubeIDE/plugins/com.st.stm32cube.ide.mcu.externaltools.gnu-tools-for-stm32.12.3.rel1.win32_1.0.100.202403111256/tools/bin/../lib/gcc/arm-none-eabi/12.3.1/../../../../arm-none-eabi/lib/thumb/v8-m.main+fp/hard\libc_nano.a(libc_a-lock.o)
                0x0800b2ac                __retarget_lock_acquire_recursive
 .text.__retarget_lock_release_recursive
                0x0800b2ae        0x2 C:/ST/STM32CubeIDE_1.15.1/STM32CubeIDE/plugins/com.st.stm32cube.ide.mcu.externaltools.gnu-tools-for-stm32.12.3.rel1.win32_1.0.100.202403111256/tools/bin/../lib/gcc/arm-none-eabi/12.3.1/../../../../arm-none-eabi/lib/thumb/v8-m.main+fp/hard\libc_nano.a(libc_a-lock.o)
                0x0800b2ae                __retarget_lock_release_recursive
 .text._free_r  0x0800b2b0       0x94 C:/ST/STM32CubeIDE_1.15.1/STM32CubeIDE/plugins/com.st.stm32cube.ide.mcu.externaltools.gnu-tools-for-stm32.12.3.rel1.win32_1.0.100.202403111256/tools/bin/../lib/gcc/arm-none-eabi/12.3.1/../../../../arm-none-eabi/lib/thumb/v8-m.main+fp/hard\libc_nano.a(libc_a-freer.o)
                0x0800b2b0                _free_r
 .text.sbrk_aligned
                0x0800b344       0x44 C:/ST/STM32CubeIDE_1.15.1/STM32CubeIDE/plugins/com.st.stm32cube.ide.mcu.externaltools.gnu-tools-for-stm32.12.3.rel1.win32_1.0.100.202403111256/tools/bin/../lib/gcc/arm-none-eabi/12.3.1/../../../../arm-none-eabi/lib/thumb/v8-m.main+fp/hard\libc_nano.a(libc_a-mallocr.o)
 .text._malloc_r
                0x0800b388      0x100 C:/ST/STM32CubeIDE_1.15.1/STM32CubeIDE/plugins/com.st.stm32cube.ide.mcu.externaltools.gnu-tools-for-stm32.12.3.rel1.win32_1.0.100.202403111256/tools/bin/../lib/gcc/arm-none-eabi/12.3.1/../../../../arm-none-eabi/lib/thumb/v8-m.main+fp/hard\libc_nano.a(libc_a-mallocr.o)
                0x0800b388                _malloc_r
 .text.__malloc_lock
                0x0800b488        0xc C:/ST/STM32CubeIDE_1.15.1/STM32CubeIDE/plugins/com.st.stm32cube.ide.mcu.externaltools.gnu-tools-for-stm32.12.3.rel1.win32_1.0.100.202403111256/tools/bin/../lib/gcc/arm-none-eabi/12.3.1/../../../../arm-none-eabi/lib/thumb/v8-m.main+fp/hard\libc_nano.a(libc_a-mlock.o)
                0x0800b488                __malloc_lock
 .text.__malloc_unlock
                0x0800b494        0xc C:/ST/STM32CubeIDE_1.15.1/STM32CubeIDE/plugins/com.st.stm32cube.ide.mcu.externaltools.gnu-tools-for-stm32.12.3.rel1.win32_1.0.100.202403111256/tools/bin/../lib/gcc/arm-none-eabi/12.3.1/../../../../arm-none-eabi/lib/thumb/v8-m.main+fp/hard\libc_nano.a(libc_a-mlock.o)
                0x0800b494                __malloc_unlock
 .text.__ssputs_r
                0x0800b4a0       0xb6 C:/ST/STM32CubeIDE_1.15.1/STM32CubeIDE/plugins/com.st.stm32cube.ide.mcu.externaltools.gnu-tools-for-stm32.12.3.rel1.win32_1.0.100.202403111256/tools/bin/../lib/gcc/arm-none-eabi/12.3.1/../../../../arm-none-eabi/lib/thumb/v8-m.main+fp/hard\libc_nano.a(libc_a-nano-svfprintf.o)
                0x0800b4a0                __ssputs_r
 *fill*         0x0800b556        0x2 
 .text._svfprintf_r
                0x0800b558      0x1f8 C:/ST/STM32CubeIDE_1.15.1/STM32CubeIDE/plugins/com.st.stm32cube.ide.mcu.externaltools.gnu-tools-for-stm32.12.3.rel1.win32_1.0.100.202403111256/tools/bin/../lib/gcc/arm-none-eabi/12.3.1/../../../../arm-none-eabi/lib/thumb/v8-m.main+fp/hard\libc_nano.a(libc_a-nano-svfprintf.o)
                0x0800b558                _svfiprintf_r
                0x0800b558                _svfprintf_r
 .text._printf_common
                0x0800b750       0xe4 C:/ST/STM32CubeIDE_1.15.1/STM32CubeIDE/plugins/com.st.stm32cube.ide.mcu.externaltools.gnu-tools-for-stm32.12.3.rel1.win32_1.0.100.202403111256/tools/bin/../lib/gcc/arm-none-eabi/12.3.1/../../../../arm-none-eabi/lib/thumb/v8-m.main+fp/hard\libc_nano.a(libc_a-nano-vfprintf_i.o)
                0x0800b750                _printf_common
 .text._printf_i
                0x0800b834      0x240 C:/ST/STM32CubeIDE_1.15.1/STM32CubeIDE/plugins/com.st.stm32cube.ide.mcu.externaltools.gnu-tools-for-stm32.12.3.rel1.win32_1.0.100.202403111256/tools/bin/../lib/gcc/arm-none-eabi/12.3.1/../../../../arm-none-eabi/lib/thumb/v8-m.main+fp/hard\libc_nano.a(libc_a-nano-vfprintf_i.o)
                0x0800b834                _printf_i
 .text.memmove  0x0800ba74       0x34 C:/ST/STM32CubeIDE_1.15.1/STM32CubeIDE/plugins/com.st.stm32cube.ide.mcu.externaltools.gnu-tools-for-stm32.12.3.rel1.win32_1.0.100.202403111256/tools/bin/../lib/gcc/arm-none-eabi/12.3.1/../../../../arm-none-eabi/lib/thumb/v8-m.main+fp/hard\libc_nano.a(libc_a-memmove.o)
                0x0800ba74                memmove
 .text._sbrk_r  0x0800baa8       0x20 C:/ST/STM32CubeIDE_1.15.1/STM32CubeIDE/plugins/com.st.stm32cube.ide.mcu.externaltools.gnu-tools-for-stm32.12.3.rel1.win32_1.0.100.202403111256/tools/bin/../lib/gcc/arm-none-eabi/12.3.1/../../../../arm-none-eabi/lib/thumb/v8-m.main+fp/hard\libc_nano.a(libc_a-sbrkr.o)
                0x0800baa8                _sbrk_r
 .text.memchr   0x0800bac8       0x1c C:/ST/STM32CubeIDE_1.15.1/STM32CubeIDE/plugins/com.st.stm32cube.ide.mcu.externaltools.gnu-tools-for-stm32.12.3.rel1.win32_1.0.100.202403111256/tools/bin/../lib/gcc/arm-none-eabi/12.3.1/../../../../arm-none-eabi/lib/thumb/v8-m.main+fp/hard\libc_nano.a(libc_a-memchr-stub.o)
                0x0800bac8                memchr
 .text.memcpy   0x0800bae4       0x1a C:/ST/STM32CubeIDE_1.15.1/STM32CubeIDE/plugins/com.st.stm32cube.ide.mcu.externaltools.gnu-tools-for-stm32.12.3.rel1.win32_1.0.100.202403111256/tools/bin/../lib/gcc/arm-none-eabi/12.3.1/../../../../arm-none-eabi/lib/thumb/v8-m.main+fp/hard\libc_nano.a(libc_a-memcpy-stub.o)
                0x0800bae4                memcpy
 .text._realloc_r
                0x0800bafe       0x5c C:/ST/STM32CubeIDE_1.15.1/STM32CubeIDE/plugins/com.st.stm32cube.ide.mcu.externaltools.gnu-tools-for-stm32.12.3.rel1.win32_1.0.100.202403111256/tools/bin/../lib/gcc/arm-none-eabi/12.3.1/../../../../arm-none-eabi/lib/thumb/v8-m.main+fp/hard\libc_nano.a(libc_a-reallocr.o)
                0x0800bafe                _realloc_r
 .text._malloc_usable_size_r
                0x0800bb5a       0x10 C:/ST/STM32CubeIDE_1.15.1/STM32CubeIDE/plugins/com.st.stm32cube.ide.mcu.externaltools.gnu-tools-for-stm32.12.3.rel1.win32_1.0.100.202403111256/tools/bin/../lib/gcc/arm-none-eabi/12.3.1/../../../../arm-none-eabi/lib/thumb/v8-m.main+fp/hard\libc_nano.a(libc_a-msizer.o)
                0x0800bb5a                _malloc_usable_size_r
 *(.glue_7)
 .glue_7        0x0800bb6a        0x0 linker stubs
 *(.glue_7t)
 .glue_7t       0x0800bb6a        0x0 linker stubs
 *(.eh_frame)
 *fill*         0x0800bb6a        0x2 
 .eh_frame      0x0800bb6c        0x0 C:/ST/STM32CubeIDE_1.15.1/STM32CubeIDE/plugins/com.st.stm32cube.ide.mcu.externaltools.gnu-tools-for-stm32.12.3.rel1.win32_1.0.100.202403111256/tools/bin/../lib/gcc/arm-none-eabi/12.3.1/thumb/v8-m.main+fp/hard/crtbegin.o
 *(.init)
 .init          0x0800bb6c        0x4 C:/ST/STM32CubeIDE_1.15.1/STM32CubeIDE/plugins/com.st.stm32cube.ide.mcu.externaltools.gnu-tools-for-stm32.12.3.rel1.win32_1.0.100.202403111256/tools/bin/../lib/gcc/arm-none-eabi/12.3.1/thumb/v8-m.main+fp/hard/crti.o
                0x0800bb6c                _init
 .init          0x0800bb70        0x8 C:/ST/STM32CubeIDE_1.15.1/STM32CubeIDE/plugins/com.st.stm32cube.ide.mcu.externaltools.gnu-tools-for-stm32.12.3.rel1.win32_1.0.100.202403111256/tools/bin/../lib/gcc/arm-none-eabi/12.3.1/thumb/v8-m.main+fp/hard/crtn.o
 *(.fini)
 .fini          0x0800bb78        0x4 C:/ST/STM32CubeIDE_1.15.1/STM32CubeIDE/plugins/com.st.stm32cube.ide.mcu.externaltools.gnu-tools-for-stm32.12.3.rel1.win32_1.0.100.202403111256/tools/bin/../lib/gcc/arm-none-eabi/12.3.1/thumb/v8-m.main+fp/hard/crti.o
                0x0800bb78                _fini
 .fini          0x0800bb7c        0x8 C:/ST/STM32CubeIDE_1.15.1/STM32CubeIDE/plugins/com.st.stm32cube.ide.mcu.externaltools.gnu-tools-for-stm32.12.3.rel1.win32_1.0.100.202403111256/tools/bin/../lib/gcc/arm-none-eabi/12.3.1/thumb/v8-m.main+fp/hard/crtn.o
                0x0800bb84                        . = ALIGN (0x4)
                0x0800bb84                        _etext = .

.vfp11_veneer   0x0800bb84        0x0
 .vfp11_veneer  0x0800bb84        0x0 linker stubs

.v4_bx          0x0800bb84        0x0
 .v4_bx         0x0800bb84        0x0 linker stubs

.iplt           0x0800bb84        0x0
 .iplt          0x0800bb84        0x0 C:/ST/STM32CubeIDE_1.15.1/STM32CubeIDE/plugins/com.st.stm32cube.ide.mcu.externaltools.gnu-tools-for-stm32.12.3.rel1.win32_1.0.100.202403111256/tools/bin/../lib/gcc/arm-none-eabi/12.3.1/thumb/v8-m.main+fp/hard/crtbegin.o

.rodata         0x0800bb84      0x37c
                0x0800bb84                        . = ALIGN (0x4)
 *(.rodata)
 .rodata        0x0800bb84       0x87 ./Core/Src/adc_i2c_config.o
 *fill*         0x0800bc0b        0x1 
 .rodata        0x0800bc0c      0x17a ./Core/Src/main.o
 *fill*         0x0800bd86        0x2 
 .rodata        0x0800bd88       0x44 ./Middlewares/Third_Party/FatFs/src/ff.o
 *(.rodata*)
 .rodata.AHBPrescTable
                0x0800bdcc       0x10 ./Core/Src/system_stm32l5xx.o
                0x0800bdcc                AHBPrescTable
 .rodata.APBPrescTable
                0x0800bddc        0x8 ./Core/Src/system_stm32l5xx.o
                0x0800bddc                APBPrescTable
 .rodata.MSIRangeTable
                0x0800bde4       0x40 ./Core/Src/system_stm32l5xx.o
                0x0800bde4                MSIRangeTable
 .rodata.UARTPrescTable
                0x0800be24       0x18 ./Drivers/STM32L5xx_HAL_Driver/Src/stm32l5xx_hal_uart.o
                0x0800be24                UARTPrescTable
 .rodata.numerator.1
                0x0800be3c        0x8 ./Drivers/STM32L5xx_HAL_Driver/Src/stm32l5xx_hal_uart_ex.o
 .rodata.denominator.0
                0x0800be44        0x8 ./Drivers/STM32L5xx_HAL_Driver/Src/stm32l5xx_hal_uart_ex.o
 .rodata.ExCvt  0x0800be4c       0x80 ./Middlewares/Third_Party/FatFs/src/ff.o
 .rodata._svfprintf_r.str1.1
                0x0800becc       0x11 C:/ST/STM32CubeIDE_1.15.1/STM32CubeIDE/plugins/com.st.stm32cube.ide.mcu.externaltools.gnu-tools-for-stm32.12.3.rel1.win32_1.0.100.202403111256/tools/bin/../lib/gcc/arm-none-eabi/12.3.1/../../../../arm-none-eabi/lib/thumb/v8-m.main+fp/hard\libc_nano.a(libc_a-nano-svfprintf.o)
 .rodata._printf_i.str1.1
                0x0800bedd       0x22 C:/ST/STM32CubeIDE_1.15.1/STM32CubeIDE/plugins/com.st.stm32cube.ide.mcu.externaltools.gnu-tools-for-stm32.12.3.rel1.win32_1.0.100.202403111256/tools/bin/../lib/gcc/arm-none-eabi/12.3.1/../../../../arm-none-eabi/lib/thumb/v8-m.main+fp/hard\libc_nano.a(libc_a-nano-vfprintf_i.o)
                0x0800bf00                        . = ALIGN (0x4)
 *fill*         0x0800beff        0x1 

.ARM.extab      0x0800bf00        0x0
                0x0800bf00                        . = ALIGN (0x4)
 *(.ARM.extab* .gnu.linkonce.armextab.*)
                0x0800bf00                        . = ALIGN (0x4)

.ARM            0x0800bf00        0x8
                0x0800bf00                        . = ALIGN (0x4)
                0x0800bf00                        __exidx_start = .
 *(.ARM.exidx*)
 .ARM.exidx     0x0800bf00        0x8 C:/ST/STM32CubeIDE_1.15.1/STM32CubeIDE/plugins/com.st.stm32cube.ide.mcu.externaltools.gnu-tools-for-stm32.12.3.rel1.win32_1.0.100.202403111256/tools/bin/../lib/gcc/arm-none-eabi/12.3.1/../../../../arm-none-eabi/lib/thumb/v8-m.main+fp/hard\libc_nano.a(libc_a-strlen.o)
 .ARM.exidx     0x0800bf08        0x0 C:/ST/STM32CubeIDE_1.15.1/STM32CubeIDE/plugins/com.st.stm32cube.ide.mcu.externaltools.gnu-tools-for-stm32.12.3.rel1.win32_1.0.100.202403111256/tools/bin/../lib/gcc/arm-none-eabi/12.3.1/thumb/v8-m.main+fp/hard\libgcc.a(_udivmoddi4.o)
                                  0x8 (size before relaxing)
                0x0800bf08                        __exidx_end = .
                0x0800bf08                        . = ALIGN (0x4)

.preinit_array  0x0800bf08        0x0
                0x0800bf08                        . = ALIGN (0x4)
                0x0800bf08                        PROVIDE (__preinit_array_start = .)
 *(.preinit_array*)
                0x0800bf08                        PROVIDE (__preinit_array_end = .)
                0x0800bf08                        . = ALIGN (0x4)

.init_array     0x0800bf08        0x4
                0x0800bf08                        . = ALIGN (0x4)
                0x0800bf08                        PROVIDE (__init_array_start = .)
 *(SORT_BY_NAME(.init_array.*))
 *(.init_array*)
 .init_array    0x0800bf08        0x4 C:/ST/STM32CubeIDE_1.15.1/STM32CubeIDE/plugins/com.st.stm32cube.ide.mcu.externaltools.gnu-tools-for-stm32.12.3.rel1.win32_1.0.100.202403111256/tools/bin/../lib/gcc/arm-none-eabi/12.3.1/thumb/v8-m.main+fp/hard/crtbegin.o
                0x0800bf0c                        PROVIDE (__init_array_end = .)
                0x0800bf0c                        . = ALIGN (0x4)

.fini_array     0x0800bf0c        0x4
                0x0800bf0c                        . = ALIGN (0x4)
                [!provide]                        PROVIDE (__fini_array_start = .)
 *(SORT_BY_NAME(.fini_array.*))
 *(.fini_array*)
 .fini_array    0x0800bf0c        0x4 C:/ST/STM32CubeIDE_1.15.1/STM32CubeIDE/plugins/com.st.stm32cube.ide.mcu.externaltools.gnu-tools-for-stm32.12.3.rel1.win32_1.0.100.202403111256/tools/bin/../lib/gcc/arm-none-eabi/12.3.1/thumb/v8-m.main+fp/hard/crtbegin.o
                [!provide]                        PROVIDE (__fini_array_end = .)
                0x0800bf10                        . = ALIGN (0x4)
                0x0800bf10                        _sidata = LOADADDR (.data)

.rel.dyn        0x0800bf10        0x0
 .rel.iplt      0x0800bf10        0x0 C:/ST/STM32CubeIDE_1.15.1/STM32CubeIDE/plugins/com.st.stm32cube.ide.mcu.externaltools.gnu-tools-for-stm32.12.3.rel1.win32_1.0.100.202403111256/tools/bin/../lib/gcc/arm-none-eabi/12.3.1/thumb/v8-m.main+fp/hard/crtbegin.o

.data           0x20000000       0x74 load address 0x0800bf10
                0x20000000                        . = ALIGN (0x4)
                0x20000000                        _sdata = .
 *(.data)
 *(.data*)
 .data.SystemCoreClock
                0x20000000        0x4 ./Core/Src/system_stm32l5xx.o
                0x20000000                SystemCoreClock
 .data.uwTickPrio
                0x20000004        0x4 ./Drivers/STM32L5xx_HAL_Driver/Src/stm32l5xx_hal.o
                0x20000004                uwTickPrio
 .data.uwTickFreq
                0x20000008        0x1 ./Drivers/STM32L5xx_HAL_Driver/Src/stm32l5xx_hal.o
                0x20000008                uwTickFreq
 *fill*         0x20000009        0x3 
 .data.USER_Driver
                0x2000000c       0x14 ./FATFS/Target/user_diskio.o
                0x2000000c                USER_Driver
 .data.Stat     0x20000020        0x1 ./FATFS/Target/user_diskio_spi.o
 *fill*         0x20000021        0x3 
 .data._impure_ptr
                0x20000024        0x4 C:/ST/STM32CubeIDE_1.15.1/STM32CubeIDE/plugins/com.st.stm32cube.ide.mcu.externaltools.gnu-tools-for-stm32.12.3.rel1.win32_1.0.100.202403111256/tools/bin/../lib/gcc/arm-none-eabi/12.3.1/../../../../arm-none-eabi/lib/thumb/v8-m.main+fp/hard\libc_nano.a(libc_a-impure.o)
                0x20000024                _impure_ptr
 .data._impure_data
                0x20000028       0x4c C:/ST/STM32CubeIDE_1.15.1/STM32CubeIDE/plugins/com.st.stm32cube.ide.mcu.externaltools.gnu-tools-for-stm32.12.3.rel1.win32_1.0.100.202403111256/tools/bin/../lib/gcc/arm-none-eabi/12.3.1/../../../../arm-none-eabi/lib/thumb/v8-m.main+fp/hard\libc_nano.a(libc_a-impure.o)
                0x20000028                _impure_data
 *(.RamFunc)
 *(.RamFunc*)
                0x20000074                        . = ALIGN (0x4)
                0x20000074                        _edata = .

.igot.plt       0x20000074        0x0 load address 0x0800bf84
 .igot.plt      0x20000074        0x0 C:/ST/STM32CubeIDE_1.15.1/STM32CubeIDE/plugins/com.st.stm32cube.ide.mcu.externaltools.gnu-tools-for-stm32.12.3.rel1.win32_1.0.100.202403111256/tools/bin/../lib/gcc/arm-none-eabi/12.3.1/thumb/v8-m.main+fp/hard/crtbegin.o
                0x20000074                        . = ALIGN (0x4)

.bss            0x20000074      0x970 load address 0x0800bf84
                0x20000074                        _sbss = .
                0x20000074                        __bss_start__ = _sbss
 *(.bss)
 .bss           0x20000074       0x1c C:/ST/STM32CubeIDE_1.15.1/STM32CubeIDE/plugins/com.st.stm32cube.ide.mcu.externaltools.gnu-tools-for-stm32.12.3.rel1.win32_1.0.100.202403111256/tools/bin/../lib/gcc/arm-none-eabi/12.3.1/thumb/v8-m.main+fp/hard/crtbegin.o
 *(.bss*)
 .bss.hi2c1     0x20000090       0x54 ./Core/Src/main.o
                0x20000090                hi2c1
 .bss.hlpuart1  0x200000e4       0x94 ./Core/Src/main.o
                0x200000e4                hlpuart1
 .bss.hsai_BlockA1
                0x20000178       0x98 ./Core/Src/main.o
                0x20000178                hsai_BlockA1
 .bss.hdma_sai1_a
                0x20000210       0x68 ./Core/Src/main.o
                0x20000210                hdma_sai1_a
 .bss.hspi3     0x20000278       0x64 ./Core/Src/main.o
                0x20000278                hspi3
 .bss.inBufPtr  0x200002dc        0x4 ./Core/Src/main.o
 .bss.dataReadyFlag
                0x200002e0        0x1 ./Core/Src/main.o
                0x200002e0                dataReadyFlag
 *fill*         0x200002e1        0x3 
 .bss.fileOpenFlag
                0x200002e4        0x4 ./Core/Src/main.o
                0x200002e4                fileOpenFlag
 .bss.FatFs     0x200002e8      0x230 ./Core/Src/main.o
                0x200002e8                FatFs
 .bss.fil       0x20000518      0x230 ./Core/Src/main.o
                0x20000518                fil
 .bss.fres      0x20000748        0x1 ./Core/Src/main.o
                0x20000748                fres
 *fill*         0x20000749        0x3 
 .bss.buffer.1  0x2000074c      0x100 ./Core/Src/main.o
 .bss.SAI1_client
                0x2000084c        0x4 ./Core/Src/stm32l5xx_hal_msp.o
 .bss.__sbrk_heap_end
                0x20000850        0x4 ./Core/Src/sysmem.o
 .bss.uwTick    0x20000854        0x4 ./Drivers/STM32L5xx_HAL_Driver/Src/stm32l5xx_hal.o
                0x20000854                uwTick
 .bss.USERPath  0x20000858        0x4 ./FATFS/App/app_fatfs.o
                0x20000858                USERPath
 .bss.Appli_state
                0x2000085c        0x1 ./FATFS/App/app_fatfs.o
                0x2000085c                Appli_state
 .bss.CardType  0x2000085d        0x1 ./FATFS/Target/user_diskio_spi.o
 *fill*         0x2000085e        0x2 
 .bss.spiTimerTickStart
                0x20000860        0x4 ./FATFS/Target/user_diskio_spi.o
                0x20000860                spiTimerTickStart
 .bss.spiTimerTickDelay
                0x20000864        0x4 ./FATFS/Target/user_diskio_spi.o
                0x20000864                spiTimerTickDelay
 .bss.FatFs     0x20000868        0x4 ./Middlewares/Third_Party/FatFs/src/ff.o
 .bss.Fsid      0x2000086c        0x2 ./Middlewares/Third_Party/FatFs/src/ff.o
 *fill*         0x2000086e        0x2 
 .bss.Files     0x20000870       0x20 ./Middlewares/Third_Party/FatFs/src/ff.o
 .bss.disk      0x20000890        0xc ./Middlewares/Third_Party/FatFs/src/ff_gen_drv.o
                0x20000890                disk
 .bss.__sf      0x2000089c      0x138 C:/ST/STM32CubeIDE_1.15.1/STM32CubeIDE/plugins/com.st.stm32cube.ide.mcu.externaltools.gnu-tools-for-stm32.12.3.rel1.win32_1.0.100.202403111256/tools/bin/../lib/gcc/arm-none-eabi/12.3.1/../../../../arm-none-eabi/lib/thumb/v8-m.main+fp/hard\libc_nano.a(libc_a-findfp.o)
                0x2000089c                __sf
 .bss.errno     0x200009d4        0x4 C:/ST/STM32CubeIDE_1.15.1/STM32CubeIDE/plugins/com.st.stm32cube.ide.mcu.externaltools.gnu-tools-for-stm32.12.3.rel1.win32_1.0.100.202403111256/tools/bin/../lib/gcc/arm-none-eabi/12.3.1/../../../../arm-none-eabi/lib/thumb/v8-m.main+fp/hard\libc_nano.a(libc_a-reent.o)
                0x200009d4                errno
 .bss.__lock___malloc_recursive_mutex
                0x200009d8        0x1 C:/ST/STM32CubeIDE_1.15.1/STM32CubeIDE/plugins/com.st.stm32cube.ide.mcu.externaltools.gnu-tools-for-stm32.12.3.rel1.win32_1.0.100.202403111256/tools/bin/../lib/gcc/arm-none-eabi/12.3.1/../../../../arm-none-eabi/lib/thumb/v8-m.main+fp/hard\libc_nano.a(libc_a-lock.o)
                0x200009d8                __lock___malloc_recursive_mutex
 *fill*         0x200009d9        0x3 
 .bss.__malloc_sbrk_start
                0x200009dc        0x4 C:/ST/STM32CubeIDE_1.15.1/STM32CubeIDE/plugins/com.st.stm32cube.ide.mcu.externaltools.gnu-tools-for-stm32.12.3.rel1.win32_1.0.100.202403111256/tools/bin/../lib/gcc/arm-none-eabi/12.3.1/../../../../arm-none-eabi/lib/thumb/v8-m.main+fp/hard\libc_nano.a(libc_a-mallocr.o)
                0x200009dc                __malloc_sbrk_start
 .bss.__malloc_free_list
                0x200009e0        0x4 C:/ST/STM32CubeIDE_1.15.1/STM32CubeIDE/plugins/com.st.stm32cube.ide.mcu.externaltools.gnu-tools-for-stm32.12.3.rel1.win32_1.0.100.202403111256/tools/bin/../lib/gcc/arm-none-eabi/12.3.1/../../../../arm-none-eabi/lib/thumb/v8-m.main+fp/hard\libc_nano.a(libc_a-mallocr.o)
                0x200009e0                __malloc_free_list
 *(COMMON)
                0x200009e4                        . = ALIGN (0x4)
                0x200009e4                        _ebss = .
                0x200009e4                        __bss_end__ = _ebss

._user_heap_stack
                0x200009e4      0x604 load address 0x0800bf84
                0x200009e8                        . = ALIGN (0x8)
 *fill*         0x200009e4        0x4 
                [!provide]                        PROVIDE (end = .)
                0x200009e8                        PROVIDE (_end = .)
                0x20000be8                        . = (. + _Min_Heap_Size)
 *fill*         0x200009e8      0x200 
                0x20000fe8                        . = (. + _Min_Stack_Size)
 *fill*         0x20000be8      0x400 
                0x20000fe8                        . = ALIGN (0x8)

/DISCARD/
 libc.a(*)
 libm.a(*)
 libgcc.a(*)

.ARM.attributes
                0x00000000       0x36
 *(.ARM.attributes)
 .ARM.attributes
                0x00000000       0x26 C:/ST/STM32CubeIDE_1.15.1/STM32CubeIDE/plugins/com.st.stm32cube.ide.mcu.externaltools.gnu-tools-for-stm32.12.3.rel1.win32_1.0.100.202403111256/tools/bin/../lib/gcc/arm-none-eabi/12.3.1/thumb/v8-m.main+fp/hard/crti.o
 .ARM.attributes
                0x00000026       0x38 C:/ST/STM32CubeIDE_1.15.1/STM32CubeIDE/plugins/com.st.stm32cube.ide.mcu.externaltools.gnu-tools-for-stm32.12.3.rel1.win32_1.0.100.202403111256/tools/bin/../lib/gcc/arm-none-eabi/12.3.1/thumb/v8-m.main+fp/hard/crtbegin.o
 .ARM.attributes
                0x0000005e       0x3a ./Core/Src/adc_i2c_config.o
 .ARM.attributes
                0x00000098       0x3a ./Core/Src/main.o
 .ARM.attributes
                0x000000d2       0x3a ./Core/Src/stm32l5xx_hal_msp.o
 .ARM.attributes
                0x0000010c       0x3a ./Core/Src/stm32l5xx_it.o
 .ARM.attributes
                0x00000146       0x3a ./Core/Src/sysmem.o
 .ARM.attributes
                0x00000180       0x3a ./Core/Src/system_stm32l5xx.o
 .ARM.attributes
                0x000001ba       0x24 ./Core/Startup/startup_stm32l552zetxq.o
 .ARM.attributes
                0x000001de       0x3a ./Drivers/STM32L5xx_HAL_Driver/Src/stm32l5xx_hal.o
 .ARM.attributes
                0x00000218       0x3a ./Drivers/STM32L5xx_HAL_Driver/Src/stm32l5xx_hal_cortex.o
 .ARM.attributes
                0x00000252       0x3a ./Drivers/STM32L5xx_HAL_Driver/Src/stm32l5xx_hal_dma.o
 .ARM.attributes
                0x0000028c       0x3a ./Drivers/STM32L5xx_HAL_Driver/Src/stm32l5xx_hal_gpio.o
 .ARM.attributes
                0x000002c6       0x3a ./Drivers/STM32L5xx_HAL_Driver/Src/stm32l5xx_hal_i2c.o
 .ARM.attributes
                0x00000300       0x3a ./Drivers/STM32L5xx_HAL_Driver/Src/stm32l5xx_hal_i2c_ex.o
 .ARM.attributes
                0x0000033a       0x3a ./Drivers/STM32L5xx_HAL_Driver/Src/stm32l5xx_hal_icache.o
 .ARM.attributes
                0x00000374       0x3a ./Drivers/STM32L5xx_HAL_Driver/Src/stm32l5xx_hal_pwr_ex.o
 .ARM.attributes
                0x000003ae       0x3a ./Drivers/STM32L5xx_HAL_Driver/Src/stm32l5xx_hal_rcc.o
 .ARM.attributes
                0x000003e8       0x3a ./Drivers/STM32L5xx_HAL_Driver/Src/stm32l5xx_hal_rcc_ex.o
 .ARM.attributes
                0x00000422       0x3a ./Drivers/STM32L5xx_HAL_Driver/Src/stm32l5xx_hal_sai.o
 .ARM.attributes
                0x0000045c       0x3a ./Drivers/STM32L5xx_HAL_Driver/Src/stm32l5xx_hal_spi.o
 .ARM.attributes
                0x00000496       0x3a ./Drivers/STM32L5xx_HAL_Driver/Src/stm32l5xx_hal_uart.o
 .ARM.attributes
                0x000004d0       0x3a ./Drivers/STM32L5xx_HAL_Driver/Src/stm32l5xx_hal_uart_ex.o
 .ARM.attributes
                0x0000050a       0x3a ./FATFS/App/app_fatfs.o
 .ARM.attributes
                0x00000544       0x3a ./FATFS/Target/user_diskio.o
 .ARM.attributes
                0x0000057e       0x3a ./FATFS/Target/user_diskio_spi.o
 .ARM.attributes
                0x000005b8       0x3a ./Middlewares/Third_Party/FatFs/src/diskio.o
 .ARM.attributes
                0x000005f2       0x3a ./Middlewares/Third_Party/FatFs/src/ff.o
 .ARM.attributes
                0x0000062c       0x3a ./Middlewares/Third_Party/FatFs/src/ff_gen_drv.o
 .ARM.attributes
                0x00000666       0x38 C:/ST/STM32CubeIDE_1.15.1/STM32CubeIDE/plugins/com.st.stm32cube.ide.mcu.externaltools.gnu-tools-for-stm32.12.3.rel1.win32_1.0.100.202403111256/tools/bin/../lib/gcc/arm-none-eabi/12.3.1/../../../../arm-none-eabi/lib/thumb/v8-m.main+fp/hard\libc_nano.a(libc_a-findfp.o)
 .ARM.attributes
                0x0000069e       0x38 C:/ST/STM32CubeIDE_1.15.1/STM32CubeIDE/plugins/com.st.stm32cube.ide.mcu.externaltools.gnu-tools-for-stm32.12.3.rel1.win32_1.0.100.202403111256/tools/bin/../lib/gcc/arm-none-eabi/12.3.1/../../../../arm-none-eabi/lib/thumb/v8-m.main+fp/hard\libc_nano.a(libc_a-sprintf.o)
 .ARM.attributes
                0x000006d6       0x38 C:/ST/STM32CubeIDE_1.15.1/STM32CubeIDE/plugins/com.st.stm32cube.ide.mcu.externaltools.gnu-tools-for-stm32.12.3.rel1.win32_1.0.100.202403111256/tools/bin/../lib/gcc/arm-none-eabi/12.3.1/../../../../arm-none-eabi/lib/thumb/v8-m.main+fp/hard\libc_nano.a(libc_a-vsnprintf.o)
 .ARM.attributes
                0x0000070e       0x38 C:/ST/STM32CubeIDE_1.15.1/STM32CubeIDE/plugins/com.st.stm32cube.ide.mcu.externaltools.gnu-tools-for-stm32.12.3.rel1.win32_1.0.100.202403111256/tools/bin/../lib/gcc/arm-none-eabi/12.3.1/../../../../arm-none-eabi/lib/thumb/v8-m.main+fp/hard\libc_nano.a(libc_a-memset.o)
 .ARM.attributes
                0x00000746       0x38 C:/ST/STM32CubeIDE_1.15.1/STM32CubeIDE/plugins/com.st.stm32cube.ide.mcu.externaltools.gnu-tools-for-stm32.12.3.rel1.win32_1.0.100.202403111256/tools/bin/../lib/gcc/arm-none-eabi/12.3.1/../../../../arm-none-eabi/lib/thumb/v8-m.main+fp/hard\libc_nano.a(libc_a-reent.o)
 .ARM.attributes
                0x0000077e       0x38 C:/ST/STM32CubeIDE_1.15.1/STM32CubeIDE/plugins/com.st.stm32cube.ide.mcu.externaltools.gnu-tools-for-stm32.12.3.rel1.win32_1.0.100.202403111256/tools/bin/../lib/gcc/arm-none-eabi/12.3.1/../../../../arm-none-eabi/lib/thumb/v8-m.main+fp/hard\libc_nano.a(libc_a-impure.o)
 .ARM.attributes
                0x000007b6       0x38 C:/ST/STM32CubeIDE_1.15.1/STM32CubeIDE/plugins/com.st.stm32cube.ide.mcu.externaltools.gnu-tools-for-stm32.12.3.rel1.win32_1.0.100.202403111256/tools/bin/../lib/gcc/arm-none-eabi/12.3.1/../../../../arm-none-eabi/lib/thumb/v8-m.main+fp/hard\libc_nano.a(libc_a-errno.o)
 .ARM.attributes
                0x000007ee       0x38 C:/ST/STM32CubeIDE_1.15.1/STM32CubeIDE/plugins/com.st.stm32cube.ide.mcu.externaltools.gnu-tools-for-stm32.12.3.rel1.win32_1.0.100.202403111256/tools/bin/../lib/gcc/arm-none-eabi/12.3.1/../../../../arm-none-eabi/lib/thumb/v8-m.main+fp/hard\libc_nano.a(libc_a-init.o)
 .ARM.attributes
                0x00000826       0x38 C:/ST/STM32CubeIDE_1.15.1/STM32CubeIDE/plugins/com.st.stm32cube.ide.mcu.externaltools.gnu-tools-for-stm32.12.3.rel1.win32_1.0.100.202403111256/tools/bin/../lib/gcc/arm-none-eabi/12.3.1/../../../../arm-none-eabi/lib/thumb/v8-m.main+fp/hard\libc_nano.a(libc_a-lock.o)
 .ARM.attributes
                0x0000085e       0x24 C:/ST/STM32CubeIDE_1.15.1/STM32CubeIDE/plugins/com.st.stm32cube.ide.mcu.externaltools.gnu-tools-for-stm32.12.3.rel1.win32_1.0.100.202403111256/tools/bin/../lib/gcc/arm-none-eabi/12.3.1/../../../../arm-none-eabi/lib/thumb/v8-m.main+fp/hard\libc_nano.a(libc_a-strlen.o)
 .ARM.attributes
                0x00000882       0x38 C:/ST/STM32CubeIDE_1.15.1/STM32CubeIDE/plugins/com.st.stm32cube.ide.mcu.externaltools.gnu-tools-for-stm32.12.3.rel1.win32_1.0.100.202403111256/tools/bin/../lib/gcc/arm-none-eabi/12.3.1/../../../../arm-none-eabi/lib/thumb/v8-m.main+fp/hard\libc_nano.a(libc_a-freer.o)
 .ARM.attributes
                0x000008ba       0x38 C:/ST/STM32CubeIDE_1.15.1/STM32CubeIDE/plugins/com.st.stm32cube.ide.mcu.externaltools.gnu-tools-for-stm32.12.3.rel1.win32_1.0.100.202403111256/tools/bin/../lib/gcc/arm-none-eabi/12.3.1/../../../../arm-none-eabi/lib/thumb/v8-m.main+fp/hard\libc_nano.a(libc_a-mallocr.o)
 .ARM.attributes
                0x000008f2       0x38 C:/ST/STM32CubeIDE_1.15.1/STM32CubeIDE/plugins/com.st.stm32cube.ide.mcu.externaltools.gnu-tools-for-stm32.12.3.rel1.win32_1.0.100.202403111256/tools/bin/../lib/gcc/arm-none-eabi/12.3.1/../../../../arm-none-eabi/lib/thumb/v8-m.main+fp/hard\libc_nano.a(libc_a-mlock.o)
 .ARM.attributes
                0x0000092a       0x38 C:/ST/STM32CubeIDE_1.15.1/STM32CubeIDE/plugins/com.st.stm32cube.ide.mcu.externaltools.gnu-tools-for-stm32.12.3.rel1.win32_1.0.100.202403111256/tools/bin/../lib/gcc/arm-none-eabi/12.3.1/../../../../arm-none-eabi/lib/thumb/v8-m.main+fp/hard\libc_nano.a(libc_a-nano-svfprintf.o)
 .ARM.attributes
                0x00000962       0x38 C:/ST/STM32CubeIDE_1.15.1/STM32CubeIDE/plugins/com.st.stm32cube.ide.mcu.externaltools.gnu-tools-for-stm32.12.3.rel1.win32_1.0.100.202403111256/tools/bin/../lib/gcc/arm-none-eabi/12.3.1/../../../../arm-none-eabi/lib/thumb/v8-m.main+fp/hard\libc_nano.a(libc_a-nano-vfprintf_i.o)
 .ARM.attributes
                0x0000099a       0x38 C:/ST/STM32CubeIDE_1.15.1/STM32CubeIDE/plugins/com.st.stm32cube.ide.mcu.externaltools.gnu-tools-for-stm32.12.3.rel1.win32_1.0.100.202403111256/tools/bin/../lib/gcc/arm-none-eabi/12.3.1/../../../../arm-none-eabi/lib/thumb/v8-m.main+fp/hard\libc_nano.a(libc_a-memmove.o)
 .ARM.attributes
                0x000009d2       0x38 C:/ST/STM32CubeIDE_1.15.1/STM32CubeIDE/plugins/com.st.stm32cube.ide.mcu.externaltools.gnu-tools-for-stm32.12.3.rel1.win32_1.0.100.202403111256/tools/bin/../lib/gcc/arm-none-eabi/12.3.1/../../../../arm-none-eabi/lib/thumb/v8-m.main+fp/hard\libc_nano.a(libc_a-sbrkr.o)
 .ARM.attributes
                0x00000a0a       0x38 C:/ST/STM32CubeIDE_1.15.1/STM32CubeIDE/plugins/com.st.stm32cube.ide.mcu.externaltools.gnu-tools-for-stm32.12.3.rel1.win32_1.0.100.202403111256/tools/bin/../lib/gcc/arm-none-eabi/12.3.1/../../../../arm-none-eabi/lib/thumb/v8-m.main+fp/hard\libc_nano.a(libc_a-memchr-stub.o)
 .ARM.attributes
                0x00000a42       0x38 C:/ST/STM32CubeIDE_1.15.1/STM32CubeIDE/plugins/com.st.stm32cube.ide.mcu.externaltools.gnu-tools-for-stm32.12.3.rel1.win32_1.0.100.202403111256/tools/bin/../lib/gcc/arm-none-eabi/12.3.1/../../../../arm-none-eabi/lib/thumb/v8-m.main+fp/hard\libc_nano.a(libc_a-memcpy-stub.o)
 .ARM.attributes
                0x00000a7a       0x38 C:/ST/STM32CubeIDE_1.15.1/STM32CubeIDE/plugins/com.st.stm32cube.ide.mcu.externaltools.gnu-tools-for-stm32.12.3.rel1.win32_1.0.100.202403111256/tools/bin/../lib/gcc/arm-none-eabi/12.3.1/../../../../arm-none-eabi/lib/thumb/v8-m.main+fp/hard\libc_nano.a(libc_a-reallocr.o)
 .ARM.attributes
                0x00000ab2       0x38 C:/ST/STM32CubeIDE_1.15.1/STM32CubeIDE/plugins/com.st.stm32cube.ide.mcu.externaltools.gnu-tools-for-stm32.12.3.rel1.win32_1.0.100.202403111256/tools/bin/../lib/gcc/arm-none-eabi/12.3.1/../../../../arm-none-eabi/lib/thumb/v8-m.main+fp/hard\libc_nano.a(libc_a-msizer.o)
 .ARM.attributes
                0x00000aea       0x26 C:/ST/STM32CubeIDE_1.15.1/STM32CubeIDE/plugins/com.st.stm32cube.ide.mcu.externaltools.gnu-tools-for-stm32.12.3.rel1.win32_1.0.100.202403111256/tools/bin/../lib/gcc/arm-none-eabi/12.3.1/thumb/v8-m.main+fp/hard\libgcc.a(_aeabi_uldivmod.o)
 .ARM.attributes
                0x00000b10       0x38 C:/ST/STM32CubeIDE_1.15.1/STM32CubeIDE/plugins/com.st.stm32cube.ide.mcu.externaltools.gnu-tools-for-stm32.12.3.rel1.win32_1.0.100.202403111256/tools/bin/../lib/gcc/arm-none-eabi/12.3.1/thumb/v8-m.main+fp/hard\libgcc.a(_udivmoddi4.o)
 .ARM.attributes
                0x00000b48       0x26 C:/ST/STM32CubeIDE_1.15.1/STM32CubeIDE/plugins/com.st.stm32cube.ide.mcu.externaltools.gnu-tools-for-stm32.12.3.rel1.win32_1.0.100.202403111256/tools/bin/../lib/gcc/arm-none-eabi/12.3.1/thumb/v8-m.main+fp/hard\libgcc.a(_dvmd_tls.o)
 .ARM.attributes
                0x00000b6e       0x26 C:/ST/STM32CubeIDE_1.15.1/STM32CubeIDE/plugins/com.st.stm32cube.ide.mcu.externaltools.gnu-tools-for-stm32.12.3.rel1.win32_1.0.100.202403111256/tools/bin/../lib/gcc/arm-none-eabi/12.3.1/thumb/v8-m.main+fp/hard/crtn.o
OUTPUT(TEST_IE_MVP250_STM_Hydrophone.elf elf32-littlearm)
LOAD linker stubs
LOAD C:/ST/STM32CubeIDE_1.15.1/STM32CubeIDE/plugins/com.st.stm32cube.ide.mcu.externaltools.gnu-tools-for-stm32.12.3.rel1.win32_1.0.100.202403111256/tools/bin/../lib/gcc/arm-none-eabi/12.3.1/../../../../arm-none-eabi/lib/thumb/v8-m.main+fp/hard\libc.a
LOAD C:/ST/STM32CubeIDE_1.15.1/STM32CubeIDE/plugins/com.st.stm32cube.ide.mcu.externaltools.gnu-tools-for-stm32.12.3.rel1.win32_1.0.100.202403111256/tools/bin/../lib/gcc/arm-none-eabi/12.3.1/../../../../arm-none-eabi/lib/thumb/v8-m.main+fp/hard\libm.a
LOAD C:/ST/STM32CubeIDE_1.15.1/STM32CubeIDE/plugins/com.st.stm32cube.ide.mcu.externaltools.gnu-tools-for-stm32.12.3.rel1.win32_1.0.100.202403111256/tools/bin/../lib/gcc/arm-none-eabi/12.3.1/thumb/v8-m.main+fp/hard\libgcc.a

.debug_info     0x00000000    0x1b41f
 .debug_info    0x00000000      0xc8f ./Core/Src/adc_i2c_config.o
 .debug_info    0x00000c8f     0x269b ./Core/Src/main.o
 .debug_info    0x0000332a     0x1daa ./Core/Src/stm32l5xx_hal_msp.o
 .debug_info    0x000050d4      0x8c3 ./Core/Src/stm32l5xx_it.o
 .debug_info    0x00005997      0x168 ./Core/Src/sysmem.o
 .debug_info    0x00005aff      0x7e2 ./Core/Src/system_stm32l5xx.o
 .debug_info    0x000062e1       0x30 ./Core/Startup/startup_stm32l552zetxq.o
 .debug_info    0x00006311      0xcf3 ./Drivers/STM32L5xx_HAL_Driver/Src/stm32l5xx_hal.o
 .debug_info    0x00007004     0x1106 ./Drivers/STM32L5xx_HAL_Driver/Src/stm32l5xx_hal_cortex.o
 .debug_info    0x0000810a      0x920 ./Drivers/STM32L5xx_HAL_Driver/Src/stm32l5xx_hal_dma.o
 .debug_info    0x00008a2a      0x5d4 ./Drivers/STM32L5xx_HAL_Driver/Src/stm32l5xx_hal_gpio.o
 .debug_info    0x00008ffe     0x220a ./Drivers/STM32L5xx_HAL_Driver/Src/stm32l5xx_hal_i2c.o
 .debug_info    0x0000b208      0xbd4 ./Drivers/STM32L5xx_HAL_Driver/Src/stm32l5xx_hal_i2c_ex.o
 .debug_info    0x0000bddc      0x4c1 ./Drivers/STM32L5xx_HAL_Driver/Src/stm32l5xx_hal_icache.o
 .debug_info    0x0000c29d      0xd73 ./Drivers/STM32L5xx_HAL_Driver/Src/stm32l5xx_hal_pwr_ex.o
 .debug_info    0x0000d010      0xf75 ./Drivers/STM32L5xx_HAL_Driver/Src/stm32l5xx_hal_rcc.o
 .debug_info    0x0000df85     0x1134 ./Drivers/STM32L5xx_HAL_Driver/Src/stm32l5xx_hal_rcc_ex.o
 .debug_info    0x0000f0b9     0x13a6 ./Drivers/STM32L5xx_HAL_Driver/Src/stm32l5xx_hal_sai.o
 .debug_info    0x0001045f     0x174e ./Drivers/STM32L5xx_HAL_Driver/Src/stm32l5xx_hal_spi.o
 .debug_info    0x00011bad     0x48fb ./Drivers/STM32L5xx_HAL_Driver/Src/stm32l5xx_hal_uart.o
 .debug_info    0x000164a8      0xffd ./Drivers/STM32L5xx_HAL_Driver/Src/stm32l5xx_hal_uart_ex.o
 .debug_info    0x000174a5      0x545 ./FATFS/App/app_fatfs.o
 .debug_info    0x000179ea      0x3aa ./FATFS/Target/user_diskio.o
 .debug_info    0x00017d94      0xd50 ./FATFS/Target/user_diskio_spi.o
 .debug_info    0x00018ae4      0x3df ./Middlewares/Third_Party/FatFs/src/diskio.o
 .debug_info    0x00018ec3     0x21dd ./Middlewares/Third_Party/FatFs/src/ff.o
 .debug_info    0x0001b0a0      0x37f ./Middlewares/Third_Party/FatFs/src/ff_gen_drv.o

.debug_abbrev   0x00000000     0x3aad
 .debug_abbrev  0x00000000      0x1c7 ./Core/Src/adc_i2c_config.o
 .debug_abbrev  0x000001c7      0x3e0 ./Core/Src/main.o
 .debug_abbrev  0x000005a7      0x28e ./Core/Src/stm32l5xx_hal_msp.o
 .debug_abbrev  0x00000835      0x176 ./Core/Src/stm32l5xx_it.o
 .debug_abbrev  0x000009ab       0xbc ./Core/Src/sysmem.o
 .debug_abbrev  0x00000a67      0x12b ./Core/Src/system_stm32l5xx.o
 .debug_abbrev  0x00000b92       0x24 ./Core/Startup/startup_stm32l552zetxq.o
 .debug_abbrev  0x00000bb6      0x2cd ./Drivers/STM32L5xx_HAL_Driver/Src/stm32l5xx_hal.o
 .debug_abbrev  0x00000e83      0x32c ./Drivers/STM32L5xx_HAL_Driver/Src/stm32l5xx_hal_cortex.o
 .debug_abbrev  0x000011af      0x1f4 ./Drivers/STM32L5xx_HAL_Driver/Src/stm32l5xx_hal_dma.o
 .debug_abbrev  0x000013a3      0x1c2 ./Drivers/STM32L5xx_HAL_Driver/Src/stm32l5xx_hal_gpio.o
 .debug_abbrev  0x00001565      0x25f ./Drivers/STM32L5xx_HAL_Driver/Src/stm32l5xx_hal_i2c.o
 .debug_abbrev  0x000017c4      0x1e1 ./Drivers/STM32L5xx_HAL_Driver/Src/stm32l5xx_hal_i2c_ex.o
 .debug_abbrev  0x000019a5      0x228 ./Drivers/STM32L5xx_HAL_Driver/Src/stm32l5xx_hal_icache.o
 .debug_abbrev  0x00001bcd      0x28c ./Drivers/STM32L5xx_HAL_Driver/Src/stm32l5xx_hal_pwr_ex.o
 .debug_abbrev  0x00001e59      0x2fd ./Drivers/STM32L5xx_HAL_Driver/Src/stm32l5xx_hal_rcc.o
 .debug_abbrev  0x00002156      0x2c8 ./Drivers/STM32L5xx_HAL_Driver/Src/stm32l5xx_hal_rcc_ex.o
 .debug_abbrev  0x0000241e      0x28b ./Drivers/STM32L5xx_HAL_Driver/Src/stm32l5xx_hal_sai.o
 .debug_abbrev  0x000026a9      0x268 ./Drivers/STM32L5xx_HAL_Driver/Src/stm32l5xx_hal_spi.o
 .debug_abbrev  0x00002911      0x325 ./Drivers/STM32L5xx_HAL_Driver/Src/stm32l5xx_hal_uart.o
 .debug_abbrev  0x00002c36      0x2d3 ./Drivers/STM32L5xx_HAL_Driver/Src/stm32l5xx_hal_uart_ex.o
 .debug_abbrev  0x00002f09      0x1a6 ./FATFS/App/app_fatfs.o
 .debug_abbrev  0x000030af      0x143 ./FATFS/Target/user_diskio.o
 .debug_abbrev  0x000031f2      0x319 ./FATFS/Target/user_diskio_spi.o
 .debug_abbrev  0x0000350b      0x181 ./Middlewares/Third_Party/FatFs/src/diskio.o
 .debug_abbrev  0x0000368c      0x282 ./Middlewares/Third_Party/FatFs/src/ff.o
 .debug_abbrev  0x0000390e      0x19f ./Middlewares/Third_Party/FatFs/src/ff_gen_drv.o

.debug_aranges  0x00000000     0x1640
 .debug_aranges
                0x00000000       0x20 ./Core/Src/adc_i2c_config.o
 .debug_aranges
                0x00000020       0x90 ./Core/Src/main.o
 .debug_aranges
                0x000000b0       0x60 ./Core/Src/stm32l5xx_hal_msp.o
 .debug_aranges
                0x00000110       0x70 ./Core/Src/stm32l5xx_it.o
 .debug_aranges
                0x00000180       0x20 ./Core/Src/sysmem.o
 .debug_aranges
                0x000001a0       0x28 ./Core/Src/system_stm32l5xx.o
 .debug_aranges
                0x000001c8       0x28 ./Core/Startup/startup_stm32l552zetxq.o
 .debug_aranges
                0x000001f0      0x130 ./Drivers/STM32L5xx_HAL_Driver/Src/stm32l5xx_hal.o
 .debug_aranges
                0x00000320      0x140 ./Drivers/STM32L5xx_HAL_Driver/Src/stm32l5xx_hal_cortex.o
 .debug_aranges
                0x00000460       0xa0 ./Drivers/STM32L5xx_HAL_Driver/Src/stm32l5xx_hal_dma.o
 .debug_aranges
                0x00000500       0x60 ./Drivers/STM32L5xx_HAL_Driver/Src/stm32l5xx_hal_gpio.o
 .debug_aranges
                0x00000560      0x2a0 ./Drivers/STM32L5xx_HAL_Driver/Src/stm32l5xx_hal_i2c.o
 .debug_aranges
                0x00000800       0x48 ./Drivers/STM32L5xx_HAL_Driver/Src/stm32l5xx_hal_i2c_ex.o
 .debug_aranges
                0x00000848       0xa8 ./Drivers/STM32L5xx_HAL_Driver/Src/stm32l5xx_hal_icache.o
 .debug_aranges
                0x000008f0      0x1b8 ./Drivers/STM32L5xx_HAL_Driver/Src/stm32l5xx_hal_pwr_ex.o
 .debug_aranges
                0x00000aa8       0xa8 ./Drivers/STM32L5xx_HAL_Driver/Src/stm32l5xx_hal_rcc.o
 .debug_aranges
                0x00000b50      0x118 ./Drivers/STM32L5xx_HAL_Driver/Src/stm32l5xx_hal_rcc_ex.o
 .debug_aranges
                0x00000c68      0x178 ./Drivers/STM32L5xx_HAL_Driver/Src/stm32l5xx_hal_sai.o
 .debug_aranges
                0x00000de0      0x1d8 ./Drivers/STM32L5xx_HAL_Driver/Src/stm32l5xx_hal_spi.o
 .debug_aranges
                0x00000fb8      0x248 ./Drivers/STM32L5xx_HAL_Driver/Src/stm32l5xx_hal_uart.o
 .debug_aranges
                0x00001200       0xa8 ./Drivers/STM32L5xx_HAL_Driver/Src/stm32l5xx_hal_uart_ex.o
 .debug_aranges
                0x000012a8       0x30 ./FATFS/App/app_fatfs.o
 .debug_aranges
                0x000012d8       0x40 ./FATFS/Target/user_diskio.o
 .debug_aranges
                0x00001318       0x98 ./FATFS/Target/user_diskio_spi.o
 .debug_aranges
                0x000013b0       0x48 ./Middlewares/Third_Party/FatFs/src/diskio.o
 .debug_aranges
                0x000013f8      0x208 ./Middlewares/Third_Party/FatFs/src/ff.o
 .debug_aranges
                0x00001600       0x40 ./Middlewares/Third_Party/FatFs/src/ff_gen_drv.o

.debug_rnglists
                0x00000000     0x114d
 .debug_rnglists
                0x00000000       0x14 ./Core/Src/adc_i2c_config.o
 .debug_rnglists
                0x00000014       0x6d ./Core/Src/main.o
 .debug_rnglists
                0x00000081       0x47 ./Core/Src/stm32l5xx_hal_msp.o
 .debug_rnglists
                0x000000c8       0x4f ./Core/Src/stm32l5xx_it.o
 .debug_rnglists
                0x00000117       0x13 ./Core/Src/sysmem.o
 .debug_rnglists
                0x0000012a       0x1a ./Core/Src/system_stm32l5xx.o
 .debug_rnglists
                0x00000144       0x19 ./Core/Startup/startup_stm32l552zetxq.o
 .debug_rnglists
                0x0000015d       0xdf ./Drivers/STM32L5xx_HAL_Driver/Src/stm32l5xx_hal.o
 .debug_rnglists
                0x0000023c       0xeb ./Drivers/STM32L5xx_HAL_Driver/Src/stm32l5xx_hal_cortex.o
 .debug_rnglists
                0x00000327       0x7d ./Drivers/STM32L5xx_HAL_Driver/Src/stm32l5xx_hal_dma.o
 .debug_rnglists
                0x000003a4       0x45 ./Drivers/STM32L5xx_HAL_Driver/Src/stm32l5xx_hal_gpio.o
 .debug_rnglists
                0x000003e9      0x228 ./Drivers/STM32L5xx_HAL_Driver/Src/stm32l5xx_hal_i2c.o
 .debug_rnglists
                0x00000611       0x35 ./Drivers/STM32L5xx_HAL_Driver/Src/stm32l5xx_hal_i2c_ex.o
 .debug_rnglists
                0x00000646       0x7a ./Drivers/STM32L5xx_HAL_Driver/Src/stm32l5xx_hal_icache.o
 .debug_rnglists
                0x000006c0      0x14e ./Drivers/STM32L5xx_HAL_Driver/Src/stm32l5xx_hal_pwr_ex.o
 .debug_rnglists
                0x0000080e       0x80 ./Drivers/STM32L5xx_HAL_Driver/Src/stm32l5xx_hal_rcc.o
 .debug_rnglists
                0x0000088e       0xdd ./Drivers/STM32L5xx_HAL_Driver/Src/stm32l5xx_hal_rcc_ex.o
 .debug_rnglists
                0x0000096b      0x136 ./Drivers/STM32L5xx_HAL_Driver/Src/stm32l5xx_hal_sai.o
 .debug_rnglists
                0x00000aa1      0x178 ./Drivers/STM32L5xx_HAL_Driver/Src/stm32l5xx_hal_spi.o
 .debug_rnglists
                0x00000c19      0x1fa ./Drivers/STM32L5xx_HAL_Driver/Src/stm32l5xx_hal_uart.o
 .debug_rnglists
                0x00000e13       0x7f ./Drivers/STM32L5xx_HAL_Driver/Src/stm32l5xx_hal_uart_ex.o
 .debug_rnglists
                0x00000e92       0x1f ./FATFS/App/app_fatfs.o
 .debug_rnglists
                0x00000eb1       0x2b ./FATFS/Target/user_diskio.o
 .debug_rnglists
                0x00000edc       0x72 ./FATFS/Target/user_diskio_spi.o
 .debug_rnglists
                0x00000f4e       0x31 ./Middlewares/Third_Party/FatFs/src/diskio.o
 .debug_rnglists
                0x00000f7f      0x1a2 ./Middlewares/Third_Party/FatFs/src/ff.o
 .debug_rnglists
                0x00001121       0x2c ./Middlewares/Third_Party/FatFs/src/ff_gen_drv.o

.debug_macro    0x00000000    0x2baf7
 .debug_macro   0x00000000      0x316 ./Core/Src/adc_i2c_config.o
 .debug_macro   0x00000316      0xaba ./Core/Src/adc_i2c_config.o
 .debug_macro   0x00000dd0      0x19c ./Core/Src/adc_i2c_config.o
 .debug_macro   0x00000f6c       0x2e ./Core/Src/adc_i2c_config.o
 .debug_macro   0x00000f9a       0x42 ./Core/Src/adc_i2c_config.o
 .debug_macro   0x00000fdc       0x22 ./Core/Src/adc_i2c_config.o
 .debug_macro   0x00000ffe       0x8e ./Core/Src/adc_i2c_config.o
 .debug_macro   0x0000108c       0x51 ./Core/Src/adc_i2c_config.o
 .debug_macro   0x000010dd      0x103 ./Core/Src/adc_i2c_config.o
 .debug_macro   0x000011e0       0x6a ./Core/Src/adc_i2c_config.o
 .debug_macro   0x0000124a      0x1df ./Core/Src/adc_i2c_config.o
 .debug_macro   0x00001429       0x1c ./Core/Src/adc_i2c_config.o
 .debug_macro   0x00001445       0x29 ./Core/Src/adc_i2c_config.o
 .debug_macro   0x0000146e       0xfb ./Core/Src/adc_i2c_config.o
 .debug_macro   0x00001569     0x1336 ./Core/Src/adc_i2c_config.o
 .debug_macro   0x0000289f       0x5e ./Core/Src/adc_i2c_config.o
 .debug_macro   0x000028fd    0x1aca2 ./Core/Src/adc_i2c_config.o
 .debug_macro   0x0001d59f       0x6c ./Core/Src/adc_i2c_config.o
 .debug_macro   0x0001d60b     0x353c ./Core/Src/adc_i2c_config.o
 .debug_macro   0x00020b47      0x189 ./Core/Src/adc_i2c_config.o
 .debug_macro   0x00020cd0       0x5d ./Core/Src/adc_i2c_config.o
 .debug_macro   0x00020d2d     0x1987 ./Core/Src/adc_i2c_config.o
 .debug_macro   0x000226b4      0xa52 ./Core/Src/adc_i2c_config.o
 .debug_macro   0x00023106      0x1cf ./Core/Src/adc_i2c_config.o
 .debug_macro   0x000232d5      0x1d8 ./Core/Src/adc_i2c_config.o
 .debug_macro   0x000234ad      0x4e1 ./Core/Src/adc_i2c_config.o
 .debug_macro   0x0002398e      0x1ab ./Core/Src/adc_i2c_config.o
 .debug_macro   0x00023b39       0x4a ./Core/Src/adc_i2c_config.o
 .debug_macro   0x00023b83      0x1b9 ./Core/Src/adc_i2c_config.o
 .debug_macro   0x00023d3c      0x230 ./Core/Src/adc_i2c_config.o
 .debug_macro   0x00023f6c      0x3bb ./Core/Src/adc_i2c_config.o
 .debug_macro   0x00024327       0x36 ./Core/Src/adc_i2c_config.o
 .debug_macro   0x0002435d      0x11c ./Core/Src/adc_i2c_config.o
 .debug_macro   0x00024479      0x22c ./Core/Src/adc_i2c_config.o
 .debug_macro   0x000246a5       0x5b ./Core/Src/adc_i2c_config.o
 .debug_macro   0x00024700       0xa5 ./Core/Src/adc_i2c_config.o
 .debug_macro   0x000247a5       0xc9 ./Core/Src/adc_i2c_config.o
 .debug_macro   0x0002486e      0x199 ./Core/Src/adc_i2c_config.o
 .debug_macro   0x00024a07      0x487 ./Core/Src/adc_i2c_config.o
 .debug_macro   0x00024e8e      0x3ad ./Core/Src/adc_i2c_config.o
 .debug_macro   0x0002523b       0x10 ./Core/Src/adc_i2c_config.o
 .debug_macro   0x0002524b       0xe4 ./Core/Src/adc_i2c_config.o
 .debug_macro   0x0002532f      0x2fe ./Core/Src/adc_i2c_config.o
 .debug_macro   0x0002562d      0x693 ./Core/Src/adc_i2c_config.o
 .debug_macro   0x00025cc0       0xa6 ./Core/Src/adc_i2c_config.o
 .debug_macro   0x00025d66      0x3f1 ./Core/Src/adc_i2c_config.o
 .debug_macro   0x00026157       0x61 ./Core/Src/adc_i2c_config.o
 .debug_macro   0x000261b8       0x2a ./Core/Src/adc_i2c_config.o
 .debug_macro   0x000261e2       0x43 ./Core/Src/adc_i2c_config.o
 .debug_macro   0x00026225       0x34 ./Core/Src/adc_i2c_config.o
 .debug_macro   0x00026259       0x16 ./Core/Src/adc_i2c_config.o
 .debug_macro   0x0002626f       0x43 ./Core/Src/adc_i2c_config.o
 .debug_macro   0x000262b2       0x34 ./Core/Src/adc_i2c_config.o
 .debug_macro   0x000262e6       0x10 ./Core/Src/adc_i2c_config.o
 .debug_macro   0x000262f6       0x58 ./Core/Src/adc_i2c_config.o
 .debug_macro   0x0002634e       0x8e ./Core/Src/adc_i2c_config.o
 .debug_macro   0x000263dc       0x1c ./Core/Src/adc_i2c_config.o
 .debug_macro   0x000263f8      0x177 ./Core/Src/adc_i2c_config.o
 .debug_macro   0x0002656f      0x369 ./Core/Src/adc_i2c_config.o
 .debug_macro   0x000268d8       0x10 ./Core/Src/adc_i2c_config.o
 .debug_macro   0x000268e8       0x35 ./Core/Src/adc_i2c_config.o
 .debug_macro   0x0002691d       0x20 ./Core/Src/adc_i2c_config.o
 .debug_macro   0x0002693d       0x1c ./Core/Src/adc_i2c_config.o
 .debug_macro   0x00026959       0x10 ./Core/Src/adc_i2c_config.o
 .debug_macro   0x00026969       0x1c ./Core/Src/adc_i2c_config.o
 .debug_macro   0x00026985       0x16 ./Core/Src/adc_i2c_config.o
 .debug_macro   0x0002699b      0x146 ./Core/Src/adc_i2c_config.o
 .debug_macro   0x00026ae1      0x3e3 ./Core/Src/main.o
 .debug_macro   0x00026ec4       0x4c ./Core/Src/main.o
 .debug_macro   0x00026f10       0x22 ./Core/Src/main.o
 .debug_macro   0x00026f32       0xdd ./Core/Src/main.o
 .debug_macro   0x0002700f       0x16 ./Core/Src/main.o
 .debug_macro   0x00027025       0x16 ./Core/Src/main.o
 .debug_macro   0x0002703b       0x29 ./Core/Src/main.o
 .debug_macro   0x00027064       0x12 ./Core/Src/main.o
 .debug_macro   0x00027076       0xdb ./Core/Src/main.o
 .debug_macro   0x00027151       0x8e ./Core/Src/main.o
 .debug_macro   0x000271df       0x16 ./Core/Src/main.o
 .debug_macro   0x000271f5      0x19b ./Core/Src/main.o
 .debug_macro   0x00027390      0x338 ./Core/Src/stm32l5xx_hal_msp.o
 .debug_macro   0x000276c8      0x342 ./Core/Src/stm32l5xx_it.o
 .debug_macro   0x00027a0a       0xff ./Core/Src/sysmem.o
 .debug_macro   0x00027b09      0x23c ./Core/Src/sysmem.o
 .debug_macro   0x00027d45      0x20a ./Core/Src/system_stm32l5xx.o
 .debug_macro   0x00027f4f      0x23a ./Drivers/STM32L5xx_HAL_Driver/Src/stm32l5xx_hal.o
 .debug_macro   0x00028189      0x20a ./Drivers/STM32L5xx_HAL_Driver/Src/stm32l5xx_hal_cortex.o
 .debug_macro   0x00028393      0x20a ./Drivers/STM32L5xx_HAL_Driver/Src/stm32l5xx_hal_dma.o
 .debug_macro   0x0002859d      0x210 ./Drivers/STM32L5xx_HAL_Driver/Src/stm32l5xx_hal_gpio.o
 .debug_macro   0x000287ad      0x2d6 ./Drivers/STM32L5xx_HAL_Driver/Src/stm32l5xx_hal_i2c.o
 .debug_macro   0x00028a83      0x20a ./Drivers/STM32L5xx_HAL_Driver/Src/stm32l5xx_hal_i2c_ex.o
 .debug_macro   0x00028c8d      0x23c ./Drivers/STM32L5xx_HAL_Driver/Src/stm32l5xx_hal_icache.o
 .debug_macro   0x00028ec9      0x23a ./Drivers/STM32L5xx_HAL_Driver/Src/stm32l5xx_hal_pwr_ex.o
 .debug_macro   0x00029103      0x234 ./Drivers/STM32L5xx_HAL_Driver/Src/stm32l5xx_hal_rcc.o
 .debug_macro   0x00029337      0x270 ./Drivers/STM32L5xx_HAL_Driver/Src/stm32l5xx_hal_rcc_ex.o
 .debug_macro   0x000295a7      0x227 ./Drivers/STM32L5xx_HAL_Driver/Src/stm32l5xx_hal_sai.o
 .debug_macro   0x000297ce      0x212 ./Drivers/STM32L5xx_HAL_Driver/Src/stm32l5xx_hal_spi.o
 .debug_macro   0x000299e0      0x235 ./Drivers/STM32L5xx_HAL_Driver/Src/stm32l5xx_hal_uart.o